
Discarded input sections

 .vector_table.literal
                0x0000000000000000        0x0 build/arch/xtensa/boot/startup.o
 .literal       0x0000000000000000        0x0 build/arch/xtensa/boot/startup.o
 .data          0x0000000000000000        0x0 build/arch/xtensa/boot/startup.o
 .bss           0x0000000000000000        0x0 build/arch/xtensa/boot/startup.o
 .xt.lit        0x0000000000000000       0x18 build/arch/xtensa/boot/startup.o
 .xt.prop       0x0000000000000000       0xd8 build/arch/xtensa/boot/startup.o
 .literal       0x0000000000000000        0x0 build/arch/xtensa/cpu/cpu.o
 .data          0x0000000000000000        0x0 build/arch/xtensa/cpu/cpu.o
 .bss           0x0000000000000000        0x0 build/arch/xtensa/cpu/cpu.o
 .xt.lit        0x0000000000000000       0x10 build/arch/xtensa/cpu/cpu.o
 .xt.prop       0x0000000000000000       0x78 build/arch/xtensa/cpu/cpu.o
 .data          0x0000000000000000        0x0 build/arch/xtensa/cpu/xtensa_regs.o
 .bss           0x0000000000000000        0x0 build/arch/xtensa/cpu/xtensa_regs.o
 .xt.prop       0x0000000000000000      0x24c build/arch/xtensa/cpu/xtensa_regs.o
 .data          0x0000000000000000        0x0 build/arch/xtensa/context/context.o
 .bss           0x0000000000000000        0x0 build/arch/xtensa/context/context.o
 .xt.prop       0x0000000000000000       0x54 build/arch/xtensa/context/context.o
 .vector_table.literal
                0x0000000000000000        0x0 build/arch/xtensa/exceptions/vectors.o
 .literal       0x0000000000000000        0x0 build/arch/xtensa/exceptions/vectors.o
 .data          0x0000000000000000        0x0 build/arch/xtensa/exceptions/vectors.o
 .bss           0x0000000000000000        0x0 build/arch/xtensa/exceptions/vectors.o
 .xt.lit        0x0000000000000000       0x10 build/arch/xtensa/exceptions/vectors.o
 .xt.prop       0x0000000000000000      0x660 build/arch/xtensa/exceptions/vectors.o
 .literal       0x0000000000000000        0x0 build/arch/xtensa/traps/traps.o
 .data          0x0000000000000000        0x0 build/arch/xtensa/traps/traps.o
 .xt.lit        0x0000000000000000       0x48 build/arch/xtensa/traps/traps.o
 .xt.prop       0x0000000000000000      0x21c build/arch/xtensa/traps/traps.o
 .literal       0x0000000000000000        0x0 build/arch/xtensa/timer/timer.o
 .bss           0x0000000000000000        0x0 build/arch/xtensa/timer/timer.o
 .xt.lit        0x0000000000000000       0x30 build/arch/xtensa/timer/timer.o
 .xt.prop       0x0000000000000000      0x12c build/arch/xtensa/timer/timer.o
 .literal       0x0000000000000000        0x0 build/arch/xtensa/atomic/atomic.o
 .text          0x0000000000000000      0x203 build/arch/xtensa/atomic/atomic.o
 .data          0x0000000000000000        0x0 build/arch/xtensa/atomic/atomic.o
 .bss           0x0000000000000000        0x0 build/arch/xtensa/atomic/atomic.o
 .debug_frame   0x0000000000000000       0xe8 build/arch/xtensa/atomic/atomic.o
 .debug_info    0x0000000000000000      0x53a build/arch/xtensa/atomic/atomic.o
 .debug_abbrev  0x0000000000000000      0x148 build/arch/xtensa/atomic/atomic.o
 .debug_loclists
                0x0000000000000000      0x121 build/arch/xtensa/atomic/atomic.o
 .debug_aranges
                0x0000000000000000       0x20 build/arch/xtensa/atomic/atomic.o
 .debug_line    0x0000000000000000      0x445 build/arch/xtensa/atomic/atomic.o
 .debug_str     0x0000000000000000      0x178 build/arch/xtensa/atomic/atomic.o
 .debug_line_str
                0x0000000000000000      0x12f build/arch/xtensa/atomic/atomic.o
 .comment       0x0000000000000000       0x27 build/arch/xtensa/atomic/atomic.o
 .xt.lit        0x0000000000000000       0x48 build/arch/xtensa/atomic/atomic.o
 .xt.prop       0x0000000000000000      0x168 build/arch/xtensa/atomic/atomic.o
 .literal       0x0000000000000000        0x0 build/kernel/core/kernel.o
 .xt.lit        0x0000000000000000       0x28 build/kernel/core/kernel.o
 .xt.prop       0x0000000000000000      0x12c build/kernel/core/kernel.o
 .literal       0x0000000000000000        0x0 build/kernel/scheduler/scheduler.o
 .data          0x0000000000000000        0x0 build/kernel/scheduler/scheduler.o
 .xt.lit        0x0000000000000000       0x40 build/kernel/scheduler/scheduler.o
 .xt.prop       0x0000000000000000      0x30c build/kernel/scheduler/scheduler.o
 .literal       0x0000000000000000        0x0 build/kernel/task/task.o
 .data          0x0000000000000000        0x0 build/kernel/task/task.o
 .bss           0x0000000000000000        0x0 build/kernel/task/task.o
 .xt.lit        0x0000000000000000       0x18 build/kernel/task/task.o
 .xt.prop       0x0000000000000000      0x168 build/kernel/task/task.o
 .literal       0x0000000000000000        0x0 build/kernel/process/process.o
 .data          0x0000000000000000        0x0 build/kernel/process/process.o
 .bss           0x0000000000000000        0x0 build/kernel/process/process.o
 .xt.lit        0x0000000000000000       0x28 build/kernel/process/process.o
 .xt.prop       0x0000000000000000      0x27c build/kernel/process/process.o
 .literal       0x0000000000000000        0x0 build/kernel/syscall/syscall.o
 .bss           0x0000000000000000        0x0 build/kernel/syscall/syscall.o
 .xt.lit        0x0000000000000000       0xb8 build/kernel/syscall/syscall.o
 .xt.prop       0x0000000000000000      0xb28 build/kernel/syscall/syscall.o
 .literal       0x0000000000000000        0x0 build/kernel/exec/exec.o
 .data          0x0000000000000000        0x0 build/kernel/exec/exec.o
 .bss           0x0000000000000000        0x0 build/kernel/exec/exec.o
 .xt.lit        0x0000000000000000       0x10 build/kernel/exec/exec.o
 .xt.prop       0x0000000000000000       0xfc build/kernel/exec/exec.o
 .literal       0x0000000000000000        0x0 build/kernel/memory/memory.o
 .data          0x0000000000000000        0x0 build/kernel/memory/memory.o
 .xt.lit        0x0000000000000000       0xa8 build/kernel/memory/memory.o
 .xt.prop       0x0000000000000000      0x87c build/kernel/memory/memory.o
 .literal       0x0000000000000000        0x0 build/kernel/ipc/ipc.o
 .text          0x0000000000000000       0x35 build/kernel/ipc/ipc.o
 .data          0x0000000000000000        0x0 build/kernel/ipc/ipc.o
 .bss           0x0000000000000000        0x0 build/kernel/ipc/ipc.o
 .debug_frame   0x0000000000000000       0x40 build/kernel/ipc/ipc.o
 .debug_info    0x0000000000000000      0x4f9 build/kernel/ipc/ipc.o
 .debug_abbrev  0x0000000000000000      0x167 build/kernel/ipc/ipc.o
 .debug_loclists
                0x0000000000000000       0x14 build/kernel/ipc/ipc.o
 .debug_aranges
                0x0000000000000000       0x20 build/kernel/ipc/ipc.o
 .debug_line    0x0000000000000000       0xd4 build/kernel/ipc/ipc.o
 .debug_str     0x0000000000000000      0x2b0 build/kernel/ipc/ipc.o
 .debug_line_str
                0x0000000000000000      0x10b build/kernel/ipc/ipc.o
 .comment       0x0000000000000000       0x27 build/kernel/ipc/ipc.o
 .xt.lit        0x0000000000000000       0x10 build/kernel/ipc/ipc.o
 .xt.prop       0x0000000000000000       0x6c build/kernel/ipc/ipc.o
 .literal       0x0000000000000000        0x0 build/kernel/sync/sync.o
 .data          0x0000000000000000        0x0 build/kernel/sync/sync.o
 .bss           0x0000000000000000        0x0 build/kernel/sync/sync.o
 .xt.lit        0x0000000000000000       0x20 build/kernel/sync/sync.o
 .xt.prop       0x0000000000000000      0x1ec build/kernel/sync/sync.o
 .literal       0x0000000000000000        0x0 build/kernel/signal/signal.o
 .text          0x0000000000000000       0xf5 build/kernel/signal/signal.o
 .data          0x0000000000000000        0x0 build/kernel/signal/signal.o
 .bss           0x0000000000000000      0x100 build/kernel/signal/signal.o
 .debug_frame   0x0000000000000000       0xa0 build/kernel/signal/signal.o
 .debug_info    0x0000000000000000      0x2df build/kernel/signal/signal.o
 .debug_abbrev  0x0000000000000000      0x1f5 build/kernel/signal/signal.o
 .debug_loclists
                0x0000000000000000       0xf7 build/kernel/signal/signal.o
 .debug_aranges
                0x0000000000000000       0x20 build/kernel/signal/signal.o
 .debug_line    0x0000000000000000      0x34a build/kernel/signal/signal.o
 .debug_str     0x0000000000000000      0x191 build/kernel/signal/signal.o
 .debug_line_str
                0x0000000000000000       0xb6 build/kernel/signal/signal.o
 .comment       0x0000000000000000       0x27 build/kernel/signal/signal.o
 .xt.lit        0x0000000000000000       0x28 build/kernel/signal/signal.o
 .xt.prop       0x0000000000000000      0x174 build/kernel/signal/signal.o
 .literal       0x0000000000000000        0x0 build/kernel/time/time.o
 .text          0x0000000000000000       0x72 build/kernel/time/time.o
 .data          0x0000000000000000        0x0 build/kernel/time/time.o
 .bss           0x0000000000000000        0x4 build/kernel/time/time.o
 .debug_frame   0x0000000000000000       0xa0 build/kernel/time/time.o
 .debug_info    0x0000000000000000      0x139 build/kernel/time/time.o
 .debug_abbrev  0x0000000000000000       0xbf build/kernel/time/time.o
 .debug_loclists
                0x0000000000000000       0x1e build/kernel/time/time.o
 .debug_aranges
                0x0000000000000000       0x20 build/kernel/time/time.o
 .debug_line    0x0000000000000000      0x137 build/kernel/time/time.o
 .debug_str     0x0000000000000000      0x169 build/kernel/time/time.o
 .debug_line_str
                0x0000000000000000      0x108 build/kernel/time/time.o
 .comment       0x0000000000000000       0x27 build/kernel/time/time.o
 .xt.lit        0x0000000000000000       0x28 build/kernel/time/time.o
 .xt.prop       0x0000000000000000       0xe4 build/kernel/time/time.o
 .literal       0x0000000000000000        0x0 build/kernel/panic/panic.o
 .data          0x0000000000000000        0x0 build/kernel/panic/panic.o
 .bss           0x0000000000000000        0x0 build/kernel/panic/panic.o
 .xt.lit        0x0000000000000000        0x8 build/kernel/panic/panic.o
 .xt.prop       0x0000000000000000       0x54 build/kernel/panic/panic.o
 .literal       0x0000000000000000        0x0 build/drivers/uart/uart.o
 .data          0x0000000000000000        0x0 build/drivers/uart/uart.o
 .bss           0x0000000000000000        0x0 build/drivers/uart/uart.o
 .xt.lit        0x0000000000000000       0x30 build/drivers/uart/uart.o
 .xt.prop       0x0000000000000000      0x198 build/drivers/uart/uart.o
 .text          0x0000000000000000       0x55 build/drivers/gpio/gpio.o
 .data          0x0000000000000000        0x0 build/drivers/gpio/gpio.o
 .bss           0x0000000000000000        0x0 build/drivers/gpio/gpio.o
 .debug_frame   0x0000000000000000      0x118 build/drivers/gpio/gpio.o
 .debug_info    0x0000000000000000      0x18f build/drivers/gpio/gpio.o
 .debug_abbrev  0x0000000000000000       0xcf build/drivers/gpio/gpio.o
 .debug_loclists
                0x0000000000000000       0x1e build/drivers/gpio/gpio.o
 .debug_aranges
                0x0000000000000000       0x20 build/drivers/gpio/gpio.o
 .debug_line    0x0000000000000000       0xcb build/drivers/gpio/gpio.o
 .debug_str     0x0000000000000000      0x12c build/drivers/gpio/gpio.o
 .debug_line_str
                0x0000000000000000       0x9c build/drivers/gpio/gpio.o
 .comment       0x0000000000000000       0x27 build/drivers/gpio/gpio.o
 .xt.prop       0x0000000000000000      0x114 build/drivers/gpio/gpio.o
 .text          0x0000000000000000       0x29 build/drivers/timer/timer.o
 .data          0x0000000000000000        0x0 build/drivers/timer/timer.o
 .bss           0x0000000000000000        0x0 build/drivers/timer/timer.o
 .debug_frame   0x0000000000000000       0x88 build/drivers/timer/timer.o
 .debug_info    0x0000000000000000      0x136 build/drivers/timer/timer.o
 .debug_abbrev  0x0000000000000000      0x101 build/drivers/timer/timer.o
 .debug_loclists
                0x0000000000000000       0x1e build/drivers/timer/timer.o
 .debug_aranges
                0x0000000000000000       0x20 build/drivers/timer/timer.o
 .debug_line    0x0000000000000000       0xdc build/drivers/timer/timer.o
 .debug_str     0x0000000000000000      0x14c build/drivers/timer/timer.o
 .debug_line_str
                0x0000000000000000      0x100 build/drivers/timer/timer.o
 .comment       0x0000000000000000       0x27 build/drivers/timer/timer.o
 .xt.prop       0x0000000000000000       0x84 build/drivers/timer/timer.o
 .literal       0x0000000000000000        0x0 build/drivers/flash/flash.o
 .data          0x0000000000000000        0x0 build/drivers/flash/flash.o
 .bss           0x0000000000000000        0x0 build/drivers/flash/flash.o
 .xt.lit        0x0000000000000000       0x28 build/drivers/flash/flash.o
 .xt.prop       0x0000000000000000      0x264 build/drivers/flash/flash.o
 .literal       0x0000000000000000        0x0 build/drivers/psram/psram.o
 .data          0x0000000000000000        0x0 build/drivers/psram/psram.o
 .bss           0x0000000000000000        0x0 build/drivers/psram/psram.o
 .xt.lit        0x0000000000000000       0x20 build/drivers/psram/psram.o
 .xt.prop       0x0000000000000000      0x198 build/drivers/psram/psram.o
 .text          0x0000000000000000       0x15 build/drivers/spi/spi.o
 .data          0x0000000000000000        0x0 build/drivers/spi/spi.o
 .bss           0x0000000000000000        0x0 build/drivers/spi/spi.o
 .debug_frame   0x0000000000000000       0x58 build/drivers/spi/spi.o
 .debug_info    0x0000000000000000      0x101 build/drivers/spi/spi.o
 .debug_abbrev  0x0000000000000000       0xd8 build/drivers/spi/spi.o
 .debug_loclists
                0x0000000000000000       0x1e build/drivers/spi/spi.o
 .debug_aranges
                0x0000000000000000       0x20 build/drivers/spi/spi.o
 .debug_line    0x0000000000000000       0xde build/drivers/spi/spi.o
 .debug_str     0x0000000000000000       0xd7 build/drivers/spi/spi.o
 .debug_line_str
                0x0000000000000000       0xf0 build/drivers/spi/spi.o
 .comment       0x0000000000000000       0x27 build/drivers/spi/spi.o
 .xt.prop       0x0000000000000000       0x54 build/drivers/spi/spi.o
 .text          0x0000000000000000       0x1f build/drivers/i2c/i2c.o
 .data          0x0000000000000000        0x0 build/drivers/i2c/i2c.o
 .bss           0x0000000000000000        0x0 build/drivers/i2c/i2c.o
 .debug_frame   0x0000000000000000       0x70 build/drivers/i2c/i2c.o
 .debug_info    0x0000000000000000      0x1d2 build/drivers/i2c/i2c.o
 .debug_abbrev  0x0000000000000000      0x12f build/drivers/i2c/i2c.o
 .debug_loclists
                0x0000000000000000       0x30 build/drivers/i2c/i2c.o
 .debug_aranges
                0x0000000000000000       0x20 build/drivers/i2c/i2c.o
 .debug_line    0x0000000000000000      0x11b build/drivers/i2c/i2c.o
 .debug_str     0x0000000000000000      0x14b build/drivers/i2c/i2c.o
 .debug_line_str
                0x0000000000000000       0xfd build/drivers/i2c/i2c.o
 .comment       0x0000000000000000       0x27 build/drivers/i2c/i2c.o
 .xt.prop       0x0000000000000000       0x6c build/drivers/i2c/i2c.o
 .text          0x0000000000000000       0x1f build/drivers/dma/dma.o
 .data          0x0000000000000000        0x0 build/drivers/dma/dma.o
 .bss           0x0000000000000000        0x0 build/drivers/dma/dma.o
 .debug_frame   0x0000000000000000       0x70 build/drivers/dma/dma.o
 .debug_info    0x0000000000000000      0x104 build/drivers/dma/dma.o
 .debug_abbrev  0x0000000000000000       0xcc build/drivers/dma/dma.o
 .debug_loclists
                0x0000000000000000       0x30 build/drivers/dma/dma.o
 .debug_aranges
                0x0000000000000000       0x20 build/drivers/dma/dma.o
 .debug_line    0x0000000000000000       0xea build/drivers/dma/dma.o
 .debug_str     0x0000000000000000       0xd3 build/drivers/dma/dma.o
 .debug_line_str
                0x0000000000000000       0xf0 build/drivers/dma/dma.o
 .comment       0x0000000000000000       0x27 build/drivers/dma/dma.o
 .xt.prop       0x0000000000000000       0x6c build/drivers/dma/dma.o
 .literal       0x0000000000000000        0x0 build/drivers/console/console.o
 .text          0x0000000000000000       0x41 build/drivers/console/console.o
 .data          0x0000000000000000        0x0 build/drivers/console/console.o
 .bss           0x0000000000000000        0x0 build/drivers/console/console.o
 .debug_frame   0x0000000000000000       0x70 build/drivers/console/console.o
 .debug_info    0x0000000000000000      0x12b build/drivers/console/console.o
 .debug_abbrev  0x0000000000000000       0xf0 build/drivers/console/console.o
 .debug_aranges
                0x0000000000000000       0x20 build/drivers/console/console.o
 .debug_line    0x0000000000000000       0xc9 build/drivers/console/console.o
 .debug_str     0x0000000000000000       0xbb build/drivers/console/console.o
 .debug_line_str
                0x0000000000000000       0xae build/drivers/console/console.o
 .comment       0x0000000000000000       0x27 build/drivers/console/console.o
 .xt.lit        0x0000000000000000       0x18 build/drivers/console/console.o
 .xt.prop       0x0000000000000000       0x90 build/drivers/console/console.o
 .literal       0x0000000000000000        0x0 build/fs/vfs/vfs.o
 .xt.lit        0x0000000000000000       0x68 build/fs/vfs/vfs.o
 .xt.prop       0x0000000000000000      0x7f8 build/fs/vfs/vfs.o
 .literal       0x0000000000000000        0x0 build/fs/ramfs/ramfs.o
 .xt.lit        0x0000000000000000       0x78 build/fs/ramfs/ramfs.o
 .xt.prop       0x0000000000000000      0xac8 build/fs/ramfs/ramfs.o
 .literal       0x0000000000000000        0x0 build/fs/devfs/devfs.o
 .xt.lit        0x0000000000000000       0x40 build/fs/devfs/devfs.o
 .xt.prop       0x0000000000000000      0x2b8 build/fs/devfs/devfs.o
 .text          0x0000000000000000       0x1f build/fs/storage/storage.o
 .data          0x0000000000000000        0x0 build/fs/storage/storage.o
 .bss           0x0000000000000000        0x0 build/fs/storage/storage.o
 .debug_frame   0x0000000000000000       0x70 build/fs/storage/storage.o
 .debug_info    0x0000000000000000      0x14a build/fs/storage/storage.o
 .debug_abbrev  0x0000000000000000       0xda build/fs/storage/storage.o
 .debug_loclists
                0x0000000000000000       0x1e build/fs/storage/storage.o
 .debug_aranges
                0x0000000000000000       0x20 build/fs/storage/storage.o
 .debug_line    0x0000000000000000       0xbe build/fs/storage/storage.o
 .debug_str     0x0000000000000000      0x147 build/fs/storage/storage.o
 .debug_line_str
                0x0000000000000000       0xfd build/fs/storage/storage.o
 .comment       0x0000000000000000       0x27 build/fs/storage/storage.o
 .xt.prop       0x0000000000000000       0x6c build/fs/storage/storage.o
 .literal       0x0000000000000000        0x0 build/fs/flashfs/flashfs.o
 .xt.lit        0x0000000000000000       0x18 build/fs/flashfs/flashfs.o
 .xt.prop       0x0000000000000000      0x270 build/fs/flashfs/flashfs.o
 .literal       0x0000000000000000        0x0 build/libc/string/string.o
 .data          0x0000000000000000        0x0 build/libc/string/string.o
 .xt.lit        0x0000000000000000        0x8 build/libc/string/string.o
 .xt.prop       0x0000000000000000      0x5c4 build/libc/string/string.o
 .literal       0x0000000000000000        0x0 build/libc/stdio/stdio.o
 .bss           0x0000000000000000        0x0 build/libc/stdio/stdio.o
 .xt.lit        0x0000000000000000       0x70 build/libc/stdio/stdio.o
 .xt.prop       0x0000000000000000      0x954 build/libc/stdio/stdio.o
 .literal       0x0000000000000000        0x0 build/libc/stdlib/stdlib.o
 .xt.lit        0x0000000000000000       0x58 build/libc/stdlib/stdlib.o
 .xt.prop       0x0000000000000000      0x438 build/libc/stdlib/stdlib.o
 .data          0x0000000000000000        0x0 build/libc/ctype/ctype.o
 .bss           0x0000000000000000        0x0 build/libc/ctype/ctype.o
 .xt.prop       0x0000000000000000      0x1ec build/libc/ctype/ctype.o
 .literal       0x0000000000000000        0x0 build/libc/time/time.o
 .text          0x0000000000000000      0x157 build/libc/time/time.o
 .data          0x0000000000000000        0x0 build/libc/time/time.o
 .bss           0x0000000000000000       0x40 build/libc/time/time.o
 .rodata        0x0000000000000000       0x4c build/libc/time/time.o
 .rodata.str1.4
                0x0000000000000000       0x21 build/libc/time/time.o
 .debug_frame   0x0000000000000000       0x88 build/libc/time/time.o
 .debug_info    0x0000000000000000      0xad2 build/libc/time/time.o
 .debug_abbrev  0x0000000000000000      0x1d0 build/libc/time/time.o
 .debug_loclists
                0x0000000000000000       0xeb build/libc/time/time.o
 .debug_aranges
                0x0000000000000000       0x20 build/libc/time/time.o
 .debug_line    0x0000000000000000      0x37c build/libc/time/time.o
 .debug_str     0x0000000000000000      0x47e build/libc/time/time.o
 .debug_line_str
                0x0000000000000000      0x125 build/libc/time/time.o
 .comment       0x0000000000000000       0x27 build/libc/time/time.o
 .xt.lit        0x0000000000000000       0x28 build/libc/time/time.o
 .xt.prop       0x0000000000000000      0x114 build/libc/time/time.o
 .literal       0x0000000000000000        0x0 build/libc/posix/posix.o
 .data          0x0000000000000000        0x0 build/libc/posix/posix.o
 .bss           0x0000000000000000        0x0 build/libc/posix/posix.o
 .xt.lit        0x0000000000000000       0xb0 build/libc/posix/posix.o
 .xt.prop       0x0000000000000000      0x57c build/libc/posix/posix.o
 .literal       0x0000000000000000        0x0 build/userland/init/init.o
 .data          0x0000000000000000        0x0 build/userland/init/init.o
 .bss           0x0000000000000000        0x0 build/userland/init/init.o
 .xt.lit        0x0000000000000000        0x8 build/userland/init/init.o
 .xt.prop       0x0000000000000000       0x30 build/userland/init/init.o
 .literal       0x0000000000000000        0x0 build/userland/sh/shell.o
 .data          0x0000000000000000        0x0 build/userland/sh/shell.o
 .xt.lit        0x0000000000000000       0x58 build/userland/sh/shell.o
 .xt.prop       0x0000000000000000      0x4f8 build/userland/sh/shell.o

Memory Configuration

Name             Origin             Length             Attributes
iram0_0_seg      0x0000000040080000 0x0000000000040000 xr
dram0_0_seg      0x000000003fc88000 0x0000000000030000 xrw
psram_seg        0x000000003f800000 0x0000000000800000 rw
*default*        0x0000000000000000 0xffffffffffffffff

Linker script and memory map

LOAD build/arch/xtensa/boot/startup.o
LOAD build/arch/xtensa/cpu/cpu.o
LOAD build/arch/xtensa/cpu/xtensa_regs.o
LOAD build/arch/xtensa/context/context.o
LOAD build/arch/xtensa/exceptions/vectors.o
LOAD build/arch/xtensa/traps/traps.o
LOAD build/arch/xtensa/timer/timer.o
LOAD build/arch/xtensa/atomic/atomic.o
LOAD build/kernel/core/kernel.o
LOAD build/kernel/scheduler/scheduler.o
LOAD build/kernel/task/task.o
LOAD build/kernel/process/process.o
LOAD build/kernel/syscall/syscall.o
LOAD build/kernel/exec/exec.o
LOAD build/kernel/memory/memory.o
LOAD build/kernel/ipc/ipc.o
LOAD build/kernel/sync/sync.o
LOAD build/kernel/signal/signal.o
LOAD build/kernel/time/time.o
LOAD build/kernel/panic/panic.o
LOAD build/drivers/uart/uart.o
LOAD build/drivers/gpio/gpio.o
LOAD build/drivers/timer/timer.o
LOAD build/drivers/flash/flash.o
LOAD build/drivers/psram/psram.o
LOAD build/drivers/spi/spi.o
LOAD build/drivers/i2c/i2c.o
LOAD build/drivers/dma/dma.o
LOAD build/drivers/console/console.o
LOAD build/fs/vfs/vfs.o
LOAD build/fs/ramfs/ramfs.o
LOAD build/fs/devfs/devfs.o
LOAD build/fs/storage/storage.o
LOAD build/fs/flashfs/flashfs.o
LOAD build/libc/string/string.o
LOAD build/libc/stdio/stdio.o
LOAD build/libc/stdlib/stdlib.o
LOAD build/libc/ctype/ctype.o
LOAD build/libc/time/time.o
LOAD build/libc/posix/posix.o
LOAD build/userland/init/init.o
LOAD build/userland/sh/shell.o
                0x0000000040080000                . = 0x40080000

.text           0x0000000040080000     0x6a28
 *(.vector_table)
 .vector_table  0x0000000040080000       0x74 build/arch/xtensa/boot/startup.o
                                         0x78 (size before relaxing)
                0x0000000040080004                _start
 .vector_table  0x0000000040080074      0x281 build/arch/xtensa/exceptions/vectors.o
                                        0x3fd (size before relaxing)
                0x0000000040080078                _vector_table
 *(.text .text.* .gnu.linkonce.t.*)
 *fill*         0x00000000400802f5        0x3 
 .text          0x00000000400802f8        0x9 build/arch/xtensa/boot/startup.o
                                         0x10 (size before relaxing)
                0x00000000400802f8                _kernel_main
 *fill*         0x0000000040080301        0x3 
 .text          0x0000000040080304       0x6d build/arch/xtensa/cpu/cpu.o
                0x0000000040080304                cpu_get_id
                0x0000000040080328                cpu_init
                0x0000000040080364                cpu_idle
 *fill*         0x0000000040080371        0x3 
 .text          0x0000000040080374       0xa9 build/arch/xtensa/exceptions/vectors.o
                                         0xb1 (size before relaxing)
                0x0000000040080374                _exception_entry
                0x00000000400803d2                _interrupt_entry
 *fill*         0x000000004008041d        0x3 
 .text          0x0000000040080420      0x228 build/arch/xtensa/traps/traps.o
                0x0000000040080458                _default_exception_handler
                0x00000000400804bc                _timer_interrupt_handler
                0x0000000040080500                trap_init
                0x0000000040080550                trap_register_exception
                0x0000000040080568                trap_register_interrupt
                0x0000000040080584                interrupt_enable
                0x00000000400805a8                interrupt_disable
                0x00000000400805d0                trap_dispatch_exception
                0x0000000040080614                trap_dispatch_interrupt
 .text          0x0000000040080648       0xef build/arch/xtensa/timer/timer.o
                0x0000000040080660                timer_init
                0x00000000400806a0                timer_set_freq
                0x00000000400806c4                timer_get_ticks
                0x00000000400806d4                timer_get_freq
                0x00000000400806e8                udelay
                0x0000000040080718                mdelay
 *fill*         0x0000000040080737        0x1 
 .text          0x0000000040080738      0x22a build/kernel/core/kernel.o
                0x00000000400807ec                kernel_main
                0x00000000400808e4                kernel_init
                0x00000000400808f0                alloc_pid
                0x0000000040080910                alloc_tid
                0x0000000040080930                free_pid
                0x000000004008094c                free_tid
 *fill*         0x0000000040080962        0x2 
 .text          0x0000000040080964      0x2a0 build/kernel/scheduler/scheduler.o
                0x000000004008096c                scheduler_init
                0x0000000040080988                task_enqueue
                0x00000000400809bc                task_dequeue
                0x00000000400809f0                scheduler_pick_next
                0x0000000040080a3c                task_wake
                0x0000000040080ac4                scheduler_tick
                0x0000000040080b38                schedule
                0x0000000040080bd4                task_sleep
                0x0000000040080bfc                task_yield
 .text          0x0000000040080c04      0x1dc build/kernel/task/task.o
                0x0000000040080c2c                task_create_idle
                0x0000000040080cd4                task_create_user
                0x0000000040080d84                task_destroy
                0x0000000040080dac                task_stack_watermark
 .text          0x0000000040080de0      0x275 build/kernel/process/process.o
                0x0000000040080e0c                task_create
                0x0000000040080ef0                process_create
                0x0000000040080f8c                process_destroy
                0x0000000040080fec                get_fd_table
                0x0000000040081004                get_fd_count
                0x0000000040081018                process_account_alloc
                0x0000000040081028                process_account_free
                0x0000000040081038                task_account_alloc
                0x0000000040081048                task_account_free
 *fill*         0x0000000040081055        0x3 
 .text          0x0000000040081058      0x9cd build/kernel/syscall/syscall.o
                0x000000004008105c                pipe_close_read
                0x000000004008108c                pipe_close_write
                0x00000000400810c0                pipe_read
                0x0000000040081130                pipe_write
                0x0000000040081194                get_file
                0x00000000400811c4                syscall_exit
                0x000000004008120c                syscall_fork
                0x000000004008132c                syscall_exec
                0x0000000040081354                syscall_waitpid
                0x00000000400813dc                syscall_sleep
                0x0000000040081404                syscall_kill
                0x0000000040081434                syscall_pipe
                0x00000000400814f0                syscall_pread
                0x0000000040081530                syscall_pwrite
                0x000000004008156c                syscall_mkdir
                0x0000000040081584                syscall_rmdir
                0x0000000040081598                syscall_unlink
                0x00000000400815ac                syscall_rename
                0x00000000400815c4                syscall_chdir
                0x00000000400815d8                syscall_getcwd
                0x00000000400815f4                syscall_fstat
                0x000000004008162c                syscall_dup
                0x0000000040081674                syscall_dup2
                0x0000000040081718                syscall_handler
 *fill*         0x0000000040081a25        0x3 
 .text          0x0000000040081a28       0xf4 build/kernel/exec/exec.o
                0x0000000040081a4c                load_binary
                0x0000000040081afc                do_execve
 .text          0x0000000040081b1c      0x91e build/kernel/memory/memory.o
                0x0000000040081d84                memory_init
                0x0000000040081e70                kmalloc
                0x0000000040081e94                kzalloc
                0x0000000040081ebc                kfree
                0x0000000040081ee4                kmalloc_aligned
                0x0000000040082038                kmalloc_psram
                0x000000004008206c                kzalloc_psram
                0x00000000400820a0                kfree_psram
                0x00000000400820d0                krealloc
                0x0000000040082200                memory_stats
                0x0000000040082248                memory_region_stats
                0x00000000400822a0                memory_get_regions
                0x00000000400822f8                memory_check_heap
                0x00000000400823a8                psram_is_available
                0x00000000400823bc                psram_get_total
                0x00000000400823d8                psram_get_free
                0x00000000400823f8                psram_get_used
                0x0000000040082410                internal_get_total
                0x0000000040082420                internal_get_free
                0x0000000040082430                internal_get_used
 *fill*         0x000000004008243a        0x2 
 .text          0x000000004008243c      0x1f5 build/kernel/sync/sync.o
                0x000000004008243c                spinlock_init
                0x0000000040082448                spinlock_acquire
                0x0000000040082474                spinlock_release
                0x0000000040082480                mutex_init
                0x00000000400824b4                mutex_lock
                0x0000000040082540                mutex_unlock
                0x0000000040082564                semaphore_init
                0x000000004008258c                semaphore_wait
                0x00000000400825f4                semaphore_signal
 *fill*         0x0000000040082631        0x3 
 .text          0x0000000040082634      0x1ac build/kernel/panic/panic.o
                0x00000000400826dc                kernel_panic
 .text          0x00000000400827e0      0x1a0 build/drivers/uart/uart.o
                0x00000000400827f4                uart_init
                0x0000000040082830                uart_putc
                0x0000000040082858                uart_puts
                0x00000000400828a0                uart_puthex
                0x00000000400828e4                uart_putdec
                0x0000000040082960                uart_getc
 .text          0x0000000040082980      0x258 build/drivers/flash/flash.o
                0x0000000040082984                flash_init
                0x00000000400829ac                flash_read
                0x0000000040082a34                flash_write
                0x0000000040082b38                flash_erase
                0x0000000040082bd0                flash_get_size
 .text          0x0000000040082bd8      0x280 build/drivers/psram/psram.o
                0x0000000040082c1c                psram_init
                0x0000000040082d1c                psram_read
                0x0000000040082da8                psram_write
                0x0000000040082e50                psram_get_size
 .text          0x0000000040082e58      0xa0f build/fs/vfs/vfs.o
                0x0000000040082fe0                file_alloc
                0x0000000040083020                file_free
                0x000000004008304c                vfs_open
                0x000000004008310c                vfs_close
                0x000000004008313c                vfs_read
                0x000000004008315c                vfs_write
                0x000000004008317c                vfs_lseek
                0x000000004008319c                vfs_pread
                0x0000000040083200                vfs_pwrite
                0x0000000040083264                vfs_ioctl
                0x0000000040083284                vfs_readdir
                0x00000000400832b8                vfs_stat
                0x0000000040083374                vfs_fstat
                0x00000000400833c4                fs_init
                0x0000000040083424                vfs_mkdir
                0x00000000400834cc                vfs_rmdir
                0x000000004008356c                vfs_unlink
                0x0000000040083610                vfs_rename
                0x00000000400836d8                vfs_chdir
                0x0000000040083748                vfs_getcwd
                0x0000000040083780                vfs_register_fs
                0x00000000400837e4                vfs_unregister_fs
                0x0000000040083860                vfs_pipe
 *fill*         0x0000000040083867        0x1 
 .text          0x0000000040083868      0xb0e build/fs/ramfs/ramfs.o
                0x0000000040083868                ramfs_close
                0x0000000040083870                ramfs_lseek
                0x00000000400838a0                ramfs_stat
                0x00000000400838dc                ramfs_read
                0x000000004008392c                ramfs_write
                0x00000000400839b0                ramfs_pread
                0x00000000400839f8                ramfs_pwrite
                0x0000000040083a78                ramfs_readdir
                0x0000000040083ae0                ramfs_open
                0x0000000040083c2c                ramfs_mkdir
                0x0000000040083dd4                ramfs_alloc_node
                0x0000000040083e20                ramfs_free_node
                0x0000000040083e80                ramfs_rmdir
                0x0000000040083f40                ramfs_unlink
                0x000000004008401c                ramfs_rename
                0x0000000040084240                ramfs_find_child
                0x0000000040084290                ramfs_mount
 *fill*         0x0000000040084376        0x2 
 .text          0x0000000040084378      0x34e build/fs/devfs/devfs.o
                0x00000000400844dc                devfs_register
                0x0000000040084580                devfs_mount
 *fill*         0x00000000400846c6        0x2 
 .text          0x00000000400846c8      0x2ac build/fs/flashfs/flashfs.o
                0x00000000400846c8                flashfs_open
                0x00000000400846d0                flashfs_close
                0x00000000400846d8                flashfs_read
                0x00000000400846e0                flashfs_lseek
                0x00000000400846e8                flashfs_stat
                0x00000000400846f0                flashfs_mkdir
                0x00000000400846f8                flashfs_rmdir
                0x0000000040084700                flashfs_rename
                0x0000000040084708                flashfs_chdir
                0x0000000040084710                flashfs_write
                0x0000000040084718                flashfs_readdir
                0x0000000040084720                flashfs_unlink
                0x0000000040084768                flashfs_format
                0x0000000040084894                flashfs_mount
                0x0000000040084928                flashfs_unmount
 .text          0x0000000040084974      0x324 build/libc/string/string.o
                0x0000000040084974                memcpy
                0x000000004008498c                memmove
                0x00000000400849c4                memset
                0x00000000400849e0                memcmp
                0x0000000040084a08                memchr
                0x0000000040084a28                strcpy
                0x0000000040084a3c                strncpy
                0x0000000040084a74                strcat
                0x0000000040084a9c                strncat
                0x0000000040084ad4                strcmp
                0x0000000040084b00                strncmp
                0x0000000040084b2c                strlen
                0x0000000040084b44                strchr
                0x0000000040084b64                strrchr
                0x0000000040084b8c                strstr
                0x0000000040084bd0                strtok
                0x0000000040084c64                strcspn
 .text          0x0000000040084c98      0x79d build/libc/stdio/stdio.o
                0x0000000040084ca8                fputc
                0x0000000040084d28                fputs
                0x0000000040084d48                putchar
                0x0000000040084d60                puts
                0x0000000040084d90                fgetc
                0x0000000040084dec                getchar
                0x0000000040084e40                ungetc
                0x0000000040084e70                fgets
                0x0000000040084f1c                vsnprintf
                0x0000000040085170                snprintf
                0x000000004008519c                vfprintf
                0x00000000400851d8                fprintf
                0x0000000040085208                printf
                0x000000004008523c                vprintf
                0x000000004008525c                fread
                0x00000000400852d4                fwrite
                0x0000000040085304                fseek
                0x0000000040085330                ftell
                0x0000000040085340                fflush
                0x000000004008537c                feof
                0x0000000040085384                ferror
                0x0000000040085398                fopen
                0x0000000040085408                fclose
 *fill*         0x0000000040085435        0x3 
 .text          0x0000000040085438      0x2fb build/libc/stdlib/stdlib.o
                0x000000004008543c                malloc
                0x0000000040085450                free
                0x0000000040085468                calloc
                0x000000004008548c                realloc
                0x000000004008549c                atoi
                0x0000000040085548                atol
                0x0000000040085554                strtol
                0x0000000040085620                strtoul
                0x000000004008563c                rand
                0x000000004008565c                srand
                0x000000004008566c                exit
                0x0000000040085680                _exit
                0x0000000040085690                abs
                0x0000000040085698                labs
                0x00000000400856a0                system
                0x00000000400856b4                getenv
                0x00000000400856f8                setenv
                0x0000000040085700                unsetenv
                0x000000004008570c                getcwd
                0x0000000040085724                chdir
 *fill*         0x0000000040085733        0x1 
 .text          0x0000000040085734      0x440 build/libc/posix/posix.o
                0x0000000040085744                open
                0x0000000040085790                close
                0x00000000400857c0                read
                0x00000000400857f0                write
                0x0000000040085820                lseek
                0x000000004008584c                stat
                0x0000000040085868                fstat
                0x0000000040085898                mkdir
                0x00000000400858b0                rmdir
                0x00000000400858c4                unlink
                0x00000000400858d8                rename
                0x00000000400858ec                chmod
                0x00000000400858f4                chown
                0x0000000040085900                getpid
                0x0000000040085914                getppid
                0x0000000040085934                getuid
                0x000000004008593c                getgid
                0x0000000040085944                setuid
                0x000000004008594c                setgid
                0x0000000040085954                fork
                0x0000000040085960                execve
                0x0000000040085978                waitpid
                0x0000000040085990                pipe
                0x00000000400859ac                dup
                0x00000000400859fc                dup2
                0x0000000040085a4c                ioctl
                0x0000000040085a94                getlogin
                0x0000000040085a9c                isatty
                0x0000000040085ad0                execvp
                0x0000000040085b48                putenv
 .text          0x0000000040085b74        0x8 build/userland/init/init.o
                                          0xf (size before relaxing)
                0x0000000040085b74                user_init
 *fill*         0x0000000040085b7c        0x0 
 .text          0x0000000040085b7c      0x709 build/userland/sh/shell.o
                0x0000000040085b80                shell_init
                0x0000000040085ba0                parse_line
                0x0000000040085c84                execute_command
                0x0000000040085cd8                builtin_cd
                0x0000000040085d28                builtin_echo
                0x0000000040085d78                builtin_env
                0x0000000040085d9c                builtin_export
                0x0000000040085dbc                builtin_unset
                0x0000000040085de8                builtin_history
                0x0000000040085ed0                builtin_memstat
                0x00000000400860d8                shell_main
 *fill*         0x0000000040086285        0x0 
 *fill*         0x0000000040086285        0x3 
 .text          0x0000000040086288       0x9e build/arch/xtensa/cpu/xtensa_regs.o
                0x0000000040086288                read_psr
                0x000000004008628f                write_psr
                0x0000000040086297                read_epsr
                0x000000004008629e                read_epc
                0x00000000400862a5                write_epc
                0x00000000400862ad                read_exccause
                0x00000000400862b4                read_excvaddr
                0x00000000400862bb                read_intenable
                0x00000000400862c2                write_intenable
                0x00000000400862ca                write_intclear
                0x00000000400862cc                read_ccount
                0x00000000400862d3                write_ccount
                0x00000000400862db                read_ccompare0
                0x00000000400862e2                read_ccompare1
                0x00000000400862e9                write_ccompare0
                0x00000000400862f1                write_ccompare1
                0x00000000400862f9                read_sar
                0x0000000040086300                write_sar
                0x0000000040086308                rsync
                0x000000004008630d                esync
                0x0000000040086312                dsync
                0x0000000040086317                isync
                0x000000004008631c                memw
                0x0000000040086321                waiti
 *fill*         0x0000000040086326        0x2 
 .text          0x0000000040086328       0xc4 build/arch/xtensa/context/context.o
                0x0000000040086328                context_switch
                0x0000000040086389                context_save
                0x00000000400863bd                context_restore
 *fill*         0x00000000400863ec        0x0 
 *fill*         0x00000000400863ec        0x0 
 *fill*         0x00000000400863ec        0x0 
 *fill*         0x00000000400863ec        0x0 
 *fill*         0x00000000400863ec        0x0 
 *fill*         0x00000000400863ec        0x0 
 *fill*         0x00000000400863ec        0x0 
 *fill*         0x00000000400863ec        0x0 
 *fill*         0x00000000400863ec        0x0 
 *fill*         0x00000000400863ec        0x0 
 *fill*         0x00000000400863ec        0x0 
 *fill*         0x00000000400863ec        0x0 
 .text          0x00000000400863ec      0x160 build/libc/ctype/ctype.o
                0x00000000400863ec                isdigit
                0x0000000040086400                isalpha
                0x0000000040086418                isalnum
                0x000000004008643c                isspace
                0x0000000040086460                islower
                0x0000000040086474                isupper
                0x0000000040086488                isxdigit
                0x00000000400864a8                isprint
                0x00000000400864bc                iscntrl
                0x00000000400864dc                ispunct
                0x0000000040086518                isgraph
                0x000000004008652c                tolower
                0x000000004008653c                toupper
 *fill*         0x000000004008654c        0x0 
 *(.rodata .rodata.* .gnu.linkonce.r.*)
 *fill*         0x000000004008654c        0x0 
 .rodata.str1.4
                0x000000004008654c       0x30 build/arch/xtensa/traps/traps.o
                                         0x34 (size before relaxing)
 .rodata.str1.4
                0x000000004008657c      0x144 build/kernel/core/kernel.o
 .rodata        0x00000000400866c0       0x90 build/kernel/syscall/syscall.o
 .rodata.str1.4
                0x0000000040086750       0x12 build/kernel/memory/memory.o
 *fill*         0x0000000040086762        0x2 
 .rodata.str1.4
                0x0000000040086764       0x74 build/kernel/panic/panic.o
                                         0x78 (size before relaxing)
 .rodata.str1.4
                0x00000000400867d8       0x11 build/drivers/uart/uart.o
 *fill*         0x00000000400867e9        0x3 
 .rodata.str1.4
                0x00000000400867ec        0x9 build/fs/vfs/vfs.o
 *fill*         0x00000000400867f5        0x3 
 .rodata.str1.4
                0x00000000400867f8        0x4 build/fs/ramfs/ramfs.o
                                          0x8 (size before relaxing)
 .rodata.str1.4
                0x00000000400867fc       0x28 build/fs/devfs/devfs.o
 .rodata.str1.4
                0x0000000040086824        0x7 build/libc/stdio/stdio.o
 .rodata.str1.4
                0x000000004008682b        0x2 build/libc/stdlib/stdlib.o
 *fill*         0x000000004008682b        0x1 
 .rodata.str1.4
                0x000000004008682c       0x2a build/libc/posix/posix.o
                                         0x3a (size before relaxing)
 *fill*         0x0000000040086856        0x2 
 .rodata        0x0000000040086858       0x14 build/libc/posix/posix.o
 .rodata.str1.4
                0x000000004008686c      0x1bc build/userland/sh/shell.o
                                        0x1d0 (size before relaxing)
                0x0000000040086a28                . = ALIGN (0x4)
                0x0000000040086a28                _etext = .

.data           0x000000003fc88000      0x2ac load address 0x0000000040086a28
                0x000000003fc88000                _data_start = .
 *(.data .data.* .gnu.linkonce.d.*)
 .data          0x000000003fc88000        0x4 build/arch/xtensa/timer/timer.o
 .data          0x000000003fc88004        0x8 build/kernel/core/kernel.o
                0x000000003fc88004                current_tid
                0x000000003fc88008                current_pid
 .data          0x000000003fc8800c       0x78 build/kernel/syscall/syscall.o
 .data          0x000000003fc88084      0x100 build/fs/vfs/vfs.o
 .data          0x000000003fc88184       0x3c build/fs/ramfs/ramfs.o
                0x000000003fc88184                ramfs_fops
 .data          0x000000003fc881c0       0x3c build/fs/devfs/devfs.o
 .data          0x000000003fc881fc       0x3c build/fs/flashfs/flashfs.o
                0x000000003fc881fc                flashfs_fops
 .data          0x000000003fc88238       0x6c build/libc/stdio/stdio.o
                0x000000003fc88238                stderr
                0x000000003fc8823c                stdout
                0x000000003fc88240                stdin
 .data          0x000000003fc882a4        0x8 build/libc/stdlib/stdlib.o
                0x000000003fc882a4                cwd
                0x000000003fc882ac                . = ALIGN (0x4)
                0x000000003fc882ac                _data_end = .

.bss            0x000000003fc882ac    0x11f7c load address 0x0000000040086cd4
                0x000000003fc882ac                _bss_start = .
 *(.bss .bss.* .gnu.linkonce.b.*)
 .bss           0x000000003fc882ac      0x100 build/arch/xtensa/traps/traps.o
 .bss           0x000000003fc883ac      0x1b8 build/kernel/core/kernel.o
                0x000000003fc883ac                task_table
                0x000000003fc884ac                process_table
                0x000000003fc8852c                cpu_states
 .bss           0x000000003fc88564       0x84 build/kernel/scheduler/scheduler.o
 .bss           0x000000003fc885e8       0x74 build/kernel/memory/memory.o
 .bss           0x000000003fc8865c     0x9a84 build/fs/vfs/vfs.o
                0x000000003fc8865c                mount_count
                0x000000003fc88660                open_files
                0x000000003fc91060                mounts
 .bss           0x000000003fc920e0     0x6a14 build/fs/ramfs/ramfs.o
 .bss           0x000000003fc98af4      0x6f8 build/fs/devfs/devfs.o
                0x000000003fc98af4                uart_fops
                0x000000003fc98b30                random_fops
                0x000000003fc98b6c                zero_fops
                0x000000003fc98ba8                null_fops
 .bss           0x000000003fc991ec       0x30 build/fs/flashfs/flashfs.o
                0x000000003fc991ec                flashfs_sb
 .bss           0x000000003fc9921c        0x4 build/libc/string/string.o
 .bss           0x000000003fc99220        0x4 build/libc/stdlib/stdlib.o
                0x000000003fc99220                environ
 .bss           0x000000003fc99224     0x1004 build/userland/sh/shell.o
 *(COMMON)
                0x000000003fc9a228                . = ALIGN (0x4)
                0x000000003fc9a228                _bss_end = .

.heap           0x000000003fc9a228     0x8000 load address 0x0000000040086cd4
                0x000000003fc9a228                _heap_start = .
                0x000000003fca2228                . = (. + 0x8000)
 *fill*         0x000000003fc9a228     0x8000 
                0x000000003fca2228                _heap_end = .

.stack          0x000000003fca2230     0x2000 load address 0x0000000040086ce0
                0x000000003fca2230                _stack_bottom = .
                0x000000003fca4230                . = (. + 0x2000)
 *fill*         0x000000003fca2230     0x2000 
                0x000000003fca4230                _stack_top = .
                0x000000003fca4230                _kernel_end = .
                0x000000003fc88000                _dram_start = ORIGIN (dram0_0_seg)
                0x000000003fcb8000                _dram_end = (ORIGIN (dram0_0_seg) + LENGTH (dram0_0_seg))
                0x000000003f800000                _psram_start = ORIGIN (psram_seg)
                0x0000000040000000                _psram_end = (ORIGIN (psram_seg) + LENGTH (psram_seg))
OUTPUT(build/bareos.elf elf32-xtensa-le)

.xtensa.info    0x0000000000000000       0x38
 .xtensa.info   0x0000000000000000       0x38 build/arch/xtensa/boot/startup.o
 .xtensa.info   0x0000000000000038        0x0 build/arch/xtensa/cpu/cpu.o
 .xtensa.info   0x0000000000000038        0x0 build/arch/xtensa/cpu/xtensa_regs.o
 .xtensa.info   0x0000000000000038        0x0 build/arch/xtensa/context/context.o
 .xtensa.info   0x0000000000000038        0x0 build/arch/xtensa/exceptions/vectors.o
 .xtensa.info   0x0000000000000038        0x0 build/arch/xtensa/traps/traps.o
 .xtensa.info   0x0000000000000038        0x0 build/arch/xtensa/timer/timer.o
 .xtensa.info   0x0000000000000038        0x0 build/arch/xtensa/atomic/atomic.o
 .xtensa.info   0x0000000000000038        0x0 build/kernel/core/kernel.o
 .xtensa.info   0x0000000000000038        0x0 build/kernel/scheduler/scheduler.o
 .xtensa.info   0x0000000000000038        0x0 build/kernel/task/task.o
 .xtensa.info   0x0000000000000038        0x0 build/kernel/process/process.o
 .xtensa.info   0x0000000000000038        0x0 build/kernel/syscall/syscall.o
 .xtensa.info   0x0000000000000038        0x0 build/kernel/exec/exec.o
 .xtensa.info   0x0000000000000038        0x0 build/kernel/memory/memory.o
 .xtensa.info   0x0000000000000038        0x0 build/kernel/ipc/ipc.o
 .xtensa.info   0x0000000000000038        0x0 build/kernel/sync/sync.o
 .xtensa.info   0x0000000000000038        0x0 build/kernel/signal/signal.o
 .xtensa.info   0x0000000000000038        0x0 build/kernel/time/time.o
 .xtensa.info   0x0000000000000038        0x0 build/kernel/panic/panic.o
 .xtensa.info   0x0000000000000038        0x0 build/drivers/uart/uart.o
 .xtensa.info   0x0000000000000038        0x0 build/drivers/gpio/gpio.o
 .xtensa.info   0x0000000000000038        0x0 build/drivers/timer/timer.o
 .xtensa.info   0x0000000000000038        0x0 build/drivers/flash/flash.o
 .xtensa.info   0x0000000000000038        0x0 build/drivers/psram/psram.o
 .xtensa.info   0x0000000000000038        0x0 build/drivers/spi/spi.o
 .xtensa.info   0x0000000000000038        0x0 build/drivers/i2c/i2c.o
 .xtensa.info   0x0000000000000038        0x0 build/drivers/dma/dma.o
 .xtensa.info   0x0000000000000038        0x0 build/drivers/console/console.o
 .xtensa.info   0x0000000000000038        0x0 build/fs/vfs/vfs.o
 .xtensa.info   0x0000000000000038        0x0 build/fs/ramfs/ramfs.o
 .xtensa.info   0x0000000000000038        0x0 build/fs/devfs/devfs.o
 .xtensa.info   0x0000000000000038        0x0 build/fs/storage/storage.o
 .xtensa.info   0x0000000000000038        0x0 build/fs/flashfs/flashfs.o
 .xtensa.info   0x0000000000000038        0x0 build/libc/string/string.o
 .xtensa.info   0x0000000000000038        0x0 build/libc/stdio/stdio.o
 .xtensa.info   0x0000000000000038        0x0 build/libc/stdlib/stdlib.o
 .xtensa.info   0x0000000000000038        0x0 build/libc/ctype/ctype.o
 .xtensa.info   0x0000000000000038        0x0 build/libc/time/time.o
 .xtensa.info   0x0000000000000038        0x0 build/libc/posix/posix.o
 .xtensa.info   0x0000000000000038        0x0 build/userland/init/init.o
 .xtensa.info   0x0000000000000038        0x0 build/userland/sh/shell.o

.comment        0x0000000000000000       0x26
 .comment       0x0000000000000000       0x26 build/arch/xtensa/cpu/cpu.o
                                         0x27 (size before relaxing)
 .comment       0x0000000000000026       0x27 build/arch/xtensa/traps/traps.o
 .comment       0x0000000000000026       0x27 build/arch/xtensa/timer/timer.o
 .comment       0x0000000000000026       0x27 build/kernel/core/kernel.o
 .comment       0x0000000000000026       0x27 build/kernel/scheduler/scheduler.o
 .comment       0x0000000000000026       0x27 build/kernel/task/task.o
 .comment       0x0000000000000026       0x27 build/kernel/process/process.o
 .comment       0x0000000000000026       0x27 build/kernel/syscall/syscall.o
 .comment       0x0000000000000026       0x27 build/kernel/exec/exec.o
 .comment       0x0000000000000026       0x27 build/kernel/memory/memory.o
 .comment       0x0000000000000026       0x27 build/kernel/sync/sync.o
 .comment       0x0000000000000026       0x27 build/kernel/panic/panic.o
 .comment       0x0000000000000026       0x27 build/drivers/uart/uart.o
 .comment       0x0000000000000026       0x27 build/drivers/flash/flash.o
 .comment       0x0000000000000026       0x27 build/drivers/psram/psram.o
 .comment       0x0000000000000026       0x27 build/fs/vfs/vfs.o
 .comment       0x0000000000000026       0x27 build/fs/ramfs/ramfs.o
 .comment       0x0000000000000026       0x27 build/fs/devfs/devfs.o
 .comment       0x0000000000000026       0x27 build/fs/flashfs/flashfs.o
 .comment       0x0000000000000026       0x27 build/libc/string/string.o
 .comment       0x0000000000000026       0x27 build/libc/stdio/stdio.o
 .comment       0x0000000000000026       0x27 build/libc/stdlib/stdlib.o
 .comment       0x0000000000000026       0x27 build/libc/ctype/ctype.o
 .comment       0x0000000000000026       0x27 build/libc/posix/posix.o
 .comment       0x0000000000000026       0x27 build/userland/init/init.o
 .comment       0x0000000000000026       0x27 build/userland/sh/shell.o

.debug_line     0x0000000000000000    0x13832
 .debug_line    0x0000000000000000       0xfa build/arch/xtensa/boot/startup.o
 .debug_line    0x00000000000000fa      0x11b build/arch/xtensa/cpu/cpu.o
 .debug_line    0x0000000000000215      0x1c4 build/arch/xtensa/cpu/xtensa_regs.o
 .debug_line    0x00000000000003d9      0x258 build/arch/xtensa/context/context.o
 .debug_line    0x0000000000000631      0x391 build/arch/xtensa/exceptions/vectors.o
 .debug_line    0x00000000000009c2      0x49c build/arch/xtensa/traps/traps.o
 .debug_line    0x0000000000000e5e      0x2e6 build/arch/xtensa/timer/timer.o
 .debug_line    0x0000000000001144      0x35b build/kernel/core/kernel.o
 .debug_line    0x000000000000149f      0xb62 build/kernel/scheduler/scheduler.o
 .debug_line    0x0000000000002001      0x5f3 build/kernel/task/task.o
 .debug_line    0x00000000000025f4      0x805 build/kernel/process/process.o
 .debug_line    0x0000000000002df9     0x22bb build/kernel/syscall/syscall.o
 .debug_line    0x00000000000050b4      0x2cc build/kernel/exec/exec.o
 .debug_line    0x0000000000005380     0x238e build/kernel/memory/memory.o
 .debug_line    0x000000000000770e      0x4df build/kernel/sync/sync.o
 .debug_line    0x0000000000007bed      0x1d2 build/kernel/panic/panic.o
 .debug_line    0x0000000000007dbf      0x3d0 build/drivers/uart/uart.o
 .debug_line    0x000000000000818f      0x931 build/drivers/flash/flash.o
 .debug_line    0x0000000000008ac0      0x9f5 build/drivers/psram/psram.o
 .debug_line    0x00000000000094b5     0x1e5d build/fs/vfs/vfs.o
 .debug_line    0x000000000000b312     0x25a8 build/fs/ramfs/ramfs.o
 .debug_line    0x000000000000d8ba      0xa89 build/fs/devfs/devfs.o
 .debug_line    0x000000000000e343      0x848 build/fs/flashfs/flashfs.o
 .debug_line    0x000000000000eb8b      0xd06 build/libc/string/string.o
 .debug_line    0x000000000000f891     0x1920 build/libc/stdio/stdio.o
 .debug_line    0x00000000000111b1      0x968 build/libc/stdlib/stdlib.o
 .debug_line    0x0000000000011b19      0x423 build/libc/ctype/ctype.o
 .debug_line    0x0000000000011f3c      0xbca build/libc/posix/posix.o
 .debug_line    0x0000000000012b06       0x5b build/userland/init/init.o
 .debug_line    0x0000000000012b61      0xcd1 build/userland/sh/shell.o

.debug_line_str
                0x0000000000000000      0x525
 .debug_line_str
                0x0000000000000000       0x1b build/arch/xtensa/boot/startup.o
                                         0x36 (size before relaxing)
 .debug_line_str
                0x000000000000001b       0xd1 build/arch/xtensa/cpu/cpu.o
                                        0x11d (size before relaxing)
 .debug_line_str
                0x00000000000000ec        0xe build/arch/xtensa/cpu/xtensa_regs.o
                                         0x3c (size before relaxing)
 .debug_line_str
                0x00000000000000fa       0x1e build/arch/xtensa/context/context.o
                                         0x3c (size before relaxing)
 .debug_line_str
                0x0000000000000118       0x21 build/arch/xtensa/exceptions/vectors.o
                                         0x42 (size before relaxing)
 .debug_line_str
                0x0000000000000139       0x35 build/arch/xtensa/traps/traps.o
                                        0x13a (size before relaxing)
 .debug_line_str
                0x000000000000016e       0x35 build/arch/xtensa/timer/timer.o
                                        0x143 (size before relaxing)
 .debug_line_str
                0x00000000000001a3       0x21 build/kernel/core/kernel.o
                                        0x134 (size before relaxing)
 .debug_line_str
                0x00000000000001c4       0x2e build/kernel/scheduler/scheduler.o
                                        0x12f (size before relaxing)
 .debug_line_str
                0x00000000000001f2       0x6e build/kernel/task/task.o
                                        0x160 (size before relaxing)
 .debug_line_str
                0x0000000000000260       0x28 build/kernel/process/process.o
                                        0x172 (size before relaxing)
 .debug_line_str
                0x0000000000000288       0x2e build/kernel/syscall/syscall.o
                                        0x178 (size before relaxing)
 .debug_line_str
                0x00000000000002b6       0x33 build/kernel/exec/exec.o
                                        0x12b (size before relaxing)
 .debug_line_str
                0x00000000000002e9       0x2d build/kernel/memory/memory.o
                                        0x174 (size before relaxing)
 .debug_line_str
                0x0000000000000316       0x1f build/kernel/sync/sync.o
                                        0x12e (size before relaxing)
 .debug_line_str
                0x0000000000000335       0x22 build/kernel/panic/panic.o
                                        0x134 (size before relaxing)
 .debug_line_str
                0x0000000000000357       0x21 build/drivers/uart/uart.o
                                         0xfa (size before relaxing)
 .debug_line_str
                0x0000000000000378       0x24 build/drivers/flash/flash.o
                                        0x109 (size before relaxing)
 .debug_line_str
                0x000000000000039c       0x24 build/drivers/psram/psram.o
                                        0x109 (size before relaxing)
 .debug_line_str
                0x00000000000003c0       0x1f build/fs/vfs/vfs.o
                                        0x15f (size before relaxing)
 .debug_line_str
                0x00000000000003df       0x1a build/fs/ramfs/ramfs.o
                                        0x160 (size before relaxing)
 .debug_line_str
                0x00000000000003f9       0x1a build/fs/devfs/devfs.o
                                        0x160 (size before relaxing)
 .debug_line_str
                0x0000000000000413       0x2a build/fs/flashfs/flashfs.o
                                        0x181 (size before relaxing)
 .debug_line_str
                0x000000000000043d       0x21 build/libc/string/string.o
                                         0xf9 (size before relaxing)
 .debug_line_str
                0x000000000000045e       0x27 build/libc/stdio/stdio.o
                                        0x13f (size before relaxing)
 .debug_line_str
                0x0000000000000485       0x21 build/libc/stdlib/stdlib.o
                                        0x11e (size before relaxing)
 .debug_line_str
                0x00000000000004a6       0x1e build/libc/ctype/ctype.o
                                         0x99 (size before relaxing)
 .debug_line_str
                0x00000000000004c4       0x1e build/libc/posix/posix.o
                                        0x13f (size before relaxing)
 .debug_line_str
                0x00000000000004e2       0x23 build/userland/init/init.o
                                         0x9f (size before relaxing)
 .debug_line_str
                0x0000000000000505       0x20 build/userland/sh/shell.o
                                        0x128 (size before relaxing)

.debug_info     0x0000000000000000    0x13971
 .debug_info    0x0000000000000000       0x23 build/arch/xtensa/boot/startup.o
 .debug_info    0x0000000000000023      0x203 build/arch/xtensa/cpu/cpu.o
 .debug_info    0x0000000000000226       0x25 build/arch/xtensa/cpu/xtensa_regs.o
 .debug_info    0x000000000000024b       0x25 build/arch/xtensa/context/context.o
 .debug_info    0x0000000000000270       0x23 build/arch/xtensa/exceptions/vectors.o
 .debug_info    0x0000000000000293      0x638 build/arch/xtensa/traps/traps.o
 .debug_info    0x00000000000008cb      0x6a3 build/arch/xtensa/timer/timer.o
 .debug_info    0x0000000000000f6e      0x8f3 build/kernel/core/kernel.o
 .debug_info    0x0000000000001861      0x841 build/kernel/scheduler/scheduler.o
 .debug_info    0x00000000000020a2      0x683 build/kernel/task/task.o
 .debug_info    0x0000000000002725      0x8cc build/kernel/process/process.o
 .debug_info    0x0000000000002ff1     0x22c3 build/kernel/syscall/syscall.o
 .debug_info    0x00000000000052b4      0xb1e build/kernel/exec/exec.o
 .debug_info    0x0000000000005dd2     0x1871 build/kernel/memory/memory.o
 .debug_info    0x0000000000007643      0x7a6 build/kernel/sync/sync.o
 .debug_info    0x0000000000007de9      0x6e6 build/kernel/panic/panic.o
 .debug_info    0x00000000000084cf      0x24d build/drivers/uart/uart.o
 .debug_info    0x000000000000871c      0x84a build/drivers/flash/flash.o
 .debug_info    0x0000000000008f66      0x9d1 build/drivers/psram/psram.o
 .debug_info    0x0000000000009937     0x1b0d build/fs/vfs/vfs.o
 .debug_info    0x000000000000b444     0x17b1 build/fs/ramfs/ramfs.o
 .debug_info    0x000000000000cbf5     0x1087 build/fs/devfs/devfs.o
 .debug_info    0x000000000000dc7c      0xfb7 build/fs/flashfs/flashfs.o
 .debug_info    0x000000000000ec33      0x6c1 build/libc/string/string.o
 .debug_info    0x000000000000f2f4     0x1624 build/libc/stdio/stdio.o
 .debug_info    0x0000000000010918      0x73d build/libc/stdlib/stdlib.o
 .debug_info    0x0000000000011055      0x42f build/libc/ctype/ctype.o
 .debug_info    0x0000000000011484     0x1609 build/libc/posix/posix.o
 .debug_info    0x0000000000012a8d       0x9f build/userland/init/init.o
 .debug_info    0x0000000000012b2c      0xe45 build/userland/sh/shell.o

.debug_abbrev   0x0000000000000000     0x3fc7
 .debug_abbrev  0x0000000000000000       0x12 build/arch/xtensa/boot/startup.o
 .debug_abbrev  0x0000000000000012      0x12e build/arch/xtensa/cpu/cpu.o
 .debug_abbrev  0x0000000000000140       0x14 build/arch/xtensa/cpu/xtensa_regs.o
 .debug_abbrev  0x0000000000000154       0x14 build/arch/xtensa/context/context.o
 .debug_abbrev  0x0000000000000168       0x12 build/arch/xtensa/exceptions/vectors.o
 .debug_abbrev  0x000000000000017a      0x23d build/arch/xtensa/traps/traps.o
 .debug_abbrev  0x00000000000003b7      0x217 build/arch/xtensa/timer/timer.o
 .debug_abbrev  0x00000000000005ce      0x21c build/kernel/core/kernel.o
 .debug_abbrev  0x00000000000007ea      0x277 build/kernel/scheduler/scheduler.o
 .debug_abbrev  0x0000000000000a61      0x1e2 build/kernel/task/task.o
 .debug_abbrev  0x0000000000000c43      0x1ef build/kernel/process/process.o
 .debug_abbrev  0x0000000000000e32      0x431 build/kernel/syscall/syscall.o
 .debug_abbrev  0x0000000000001263      0x1c1 build/kernel/exec/exec.o
 .debug_abbrev  0x0000000000001424      0x504 build/kernel/memory/memory.o
 .debug_abbrev  0x0000000000001928      0x1c6 build/kernel/sync/sync.o
 .debug_abbrev  0x0000000000001aee      0x151 build/kernel/panic/panic.o
 .debug_abbrev  0x0000000000001c3f      0x199 build/drivers/uart/uart.o
 .debug_abbrev  0x0000000000001dd8      0x208 build/drivers/flash/flash.o
 .debug_abbrev  0x0000000000001fe0      0x1fc build/drivers/psram/psram.o
 .debug_abbrev  0x00000000000021dc      0x452 build/fs/vfs/vfs.o
 .debug_abbrev  0x000000000000262e      0x3c1 build/fs/ramfs/ramfs.o
 .debug_abbrev  0x00000000000029ef      0x2ef build/fs/devfs/devfs.o
 .debug_abbrev  0x0000000000002cde      0x30f build/fs/flashfs/flashfs.o
 .debug_abbrev  0x0000000000002fed      0x194 build/libc/string/string.o
 .debug_abbrev  0x0000000000003181      0x3ab build/libc/stdio/stdio.o
 .debug_abbrev  0x000000000000352c      0x2a5 build/libc/stdlib/stdlib.o
 .debug_abbrev  0x00000000000037d1      0x111 build/libc/ctype/ctype.o
 .debug_abbrev  0x00000000000038e2      0x39c build/libc/posix/posix.o
 .debug_abbrev  0x0000000000003c7e       0x5f build/userland/init/init.o
 .debug_abbrev  0x0000000000003cdd      0x2ea build/userland/sh/shell.o

.debug_aranges  0x0000000000000000      0x3d0
 .debug_aranges
                0x0000000000000000       0x28 build/arch/xtensa/boot/startup.o
 .debug_aranges
                0x0000000000000028       0x20 build/arch/xtensa/cpu/cpu.o
 .debug_aranges
                0x0000000000000048       0x20 build/arch/xtensa/cpu/xtensa_regs.o
 .debug_aranges
                0x0000000000000068       0x20 build/arch/xtensa/context/context.o
 .debug_aranges
                0x0000000000000088       0x28 build/arch/xtensa/exceptions/vectors.o
 .debug_aranges
                0x00000000000000b0       0x20 build/arch/xtensa/traps/traps.o
 .debug_aranges
                0x00000000000000d0       0x20 build/arch/xtensa/timer/timer.o
 .debug_aranges
                0x00000000000000f0       0x20 build/kernel/core/kernel.o
 .debug_aranges
                0x0000000000000110       0x20 build/kernel/scheduler/scheduler.o
 .debug_aranges
                0x0000000000000130       0x20 build/kernel/task/task.o
 .debug_aranges
                0x0000000000000150       0x20 build/kernel/process/process.o
 .debug_aranges
                0x0000000000000170       0x20 build/kernel/syscall/syscall.o
 .debug_aranges
                0x0000000000000190       0x20 build/kernel/exec/exec.o
 .debug_aranges
                0x00000000000001b0       0x20 build/kernel/memory/memory.o
 .debug_aranges
                0x00000000000001d0       0x20 build/kernel/sync/sync.o
 .debug_aranges
                0x00000000000001f0       0x20 build/kernel/panic/panic.o
 .debug_aranges
                0x0000000000000210       0x20 build/drivers/uart/uart.o
 .debug_aranges
                0x0000000000000230       0x20 build/drivers/flash/flash.o
 .debug_aranges
                0x0000000000000250       0x20 build/drivers/psram/psram.o
 .debug_aranges
                0x0000000000000270       0x20 build/fs/vfs/vfs.o
 .debug_aranges
                0x0000000000000290       0x20 build/fs/ramfs/ramfs.o
 .debug_aranges
                0x00000000000002b0       0x20 build/fs/devfs/devfs.o
 .debug_aranges
                0x00000000000002d0       0x20 build/fs/flashfs/flashfs.o
 .debug_aranges
                0x00000000000002f0       0x20 build/libc/string/string.o
 .debug_aranges
                0x0000000000000310       0x20 build/libc/stdio/stdio.o
 .debug_aranges
                0x0000000000000330       0x20 build/libc/stdlib/stdlib.o
 .debug_aranges
                0x0000000000000350       0x20 build/libc/ctype/ctype.o
 .debug_aranges
                0x0000000000000370       0x20 build/libc/posix/posix.o
 .debug_aranges
                0x0000000000000390       0x20 build/userland/init/init.o
 .debug_aranges
                0x00000000000003b0       0x20 build/userland/sh/shell.o

.debug_str      0x0000000000000000     0x19bb
 .debug_str     0x0000000000000000       0x48 build/arch/xtensa/boot/startup.o
 .debug_str     0x0000000000000048      0x151 build/arch/xtensa/cpu/cpu.o
                                        0x185 (size before relaxing)
 .debug_str     0x0000000000000199        0xe build/arch/xtensa/cpu/xtensa_regs.o
                                         0x4c (size before relaxing)
 .debug_str     0x00000000000001a7        0xa build/arch/xtensa/context/context.o
                                         0x48 (size before relaxing)
 .debug_str     0x00000000000001b1        0xa build/arch/xtensa/exceptions/vectors.o
                                         0x48 (size before relaxing)
 .debug_str     0x00000000000001bb      0x188 build/arch/xtensa/traps/traps.o
                                        0x2f0 (size before relaxing)
 .debug_str     0x0000000000000343      0x195 build/arch/xtensa/timer/timer.o
                                        0x36c (size before relaxing)
 .debug_str     0x00000000000004d8      0x116 build/kernel/core/kernel.o
                                        0x3e7 (size before relaxing)
 .debug_str     0x00000000000005ee       0x7b build/kernel/scheduler/scheduler.o
                                        0x355 (size before relaxing)
 .debug_str     0x0000000000000669       0x68 build/kernel/task/task.o
                                        0x2db (size before relaxing)
 .debug_str     0x00000000000006d1       0x8c build/kernel/process/process.o
                                        0x3d3 (size before relaxing)
 .debug_str     0x000000000000075d      0x34a build/kernel/syscall/syscall.o
                                        0x708 (size before relaxing)
 .debug_str     0x0000000000000aa7       0x4e build/kernel/exec/exec.o
                                        0x465 (size before relaxing)
 .debug_str     0x0000000000000af5      0x2f3 build/kernel/memory/memory.o
                                        0x5d2 (size before relaxing)
 .debug_str     0x0000000000000de8       0x8a build/kernel/sync/sync.o
                                        0x394 (size before relaxing)
 .debug_str     0x0000000000000e72       0x23 build/kernel/panic/panic.o
                                        0x30e (size before relaxing)
 .debug_str     0x0000000000000e95       0x1b build/drivers/uart/uart.o
                                        0x13d (size before relaxing)
 .debug_str     0x0000000000000eb0       0xb7 build/drivers/flash/flash.o
                                        0x1d8 (size before relaxing)
 .debug_str     0x0000000000000f67       0x4f build/drivers/psram/psram.o
                                        0x1c1 (size before relaxing)
 .debug_str     0x0000000000000fb6      0x10a build/fs/vfs/vfs.o
                                        0x48a (size before relaxing)
 .debug_str     0x00000000000010c0      0x1bf build/fs/ramfs/ramfs.o
                                        0x4ca (size before relaxing)
 .debug_str     0x000000000000127f       0xcd build/fs/devfs/devfs.o
                                        0x507 (size before relaxing)
 .debug_str     0x000000000000134c      0x28e build/fs/flashfs/flashfs.o
                                        0x5af (size before relaxing)
 .debug_str     0x00000000000015da       0x7e build/libc/string/string.o
                                        0x1af (size before relaxing)
 .debug_str     0x0000000000001658      0x138 build/libc/stdio/stdio.o
                                        0x40b (size before relaxing)
 .debug_str     0x0000000000001790       0x65 build/libc/stdlib/stdlib.o
                                        0x22b (size before relaxing)
 .debug_str     0x00000000000017f5       0x69 build/libc/ctype/ctype.o
                                        0x162 (size before relaxing)
 .debug_str     0x000000000000185e       0x78 build/libc/posix/posix.o
                                        0x5ae (size before relaxing)
 .debug_str     0x00000000000018d6        0xb build/userland/init/init.o
                                        0x10e (size before relaxing)
 .debug_str     0x00000000000018e1       0xda build/userland/sh/shell.o
                                        0x391 (size before relaxing)

.debug_rnglists
                0x0000000000000000      0x8e7
 .debug_rnglists
                0x0000000000000000       0x19 build/arch/xtensa/boot/startup.o
 .debug_rnglists
                0x0000000000000019       0x1b build/arch/xtensa/exceptions/vectors.o
 .debug_rnglists
                0x0000000000000034       0x2d build/arch/xtensa/traps/traps.o
 .debug_rnglists
                0x0000000000000061       0x1d build/arch/xtensa/timer/timer.o
 .debug_rnglists
                0x000000000000007e       0x31 build/kernel/scheduler/scheduler.o
 .debug_rnglists
                0x00000000000000af       0x1c build/kernel/task/task.o
 .debug_rnglists
                0x00000000000000cb       0x17 build/kernel/process/process.o
 .debug_rnglists
                0x00000000000000e2       0xdd build/kernel/syscall/syscall.o
 .debug_rnglists
                0x00000000000001bf      0x178 build/kernel/memory/memory.o
 .debug_rnglists
                0x0000000000000337       0x2d build/drivers/uart/uart.o
 .debug_rnglists
                0x0000000000000364       0x7a build/drivers/flash/flash.o
 .debug_rnglists
                0x00000000000003de       0xb3 build/drivers/psram/psram.o
 .debug_rnglists
                0x0000000000000491      0x105 build/fs/vfs/vfs.o
 .debug_rnglists
                0x0000000000000596      0x135 build/fs/ramfs/ramfs.o
 .debug_rnglists
                0x00000000000006cb       0x4c build/fs/devfs/devfs.o
 .debug_rnglists
                0x0000000000000717       0x42 build/fs/flashfs/flashfs.o
 .debug_rnglists
                0x0000000000000759       0x3c build/libc/string/string.o
 .debug_rnglists
                0x0000000000000795       0xa8 build/libc/stdio/stdio.o
 .debug_rnglists
                0x000000000000083d       0x22 build/libc/stdlib/stdlib.o
 .debug_rnglists
                0x000000000000085f       0x22 build/libc/ctype/ctype.o
 .debug_rnglists
                0x0000000000000881       0x17 build/libc/posix/posix.o
 .debug_rnglists
                0x0000000000000898       0x4f build/userland/sh/shell.o

.debug_frame    0x0000000000000000     0x1df0
 .debug_frame   0x0000000000000000       0x58 build/arch/xtensa/cpu/cpu.o
 .debug_frame   0x0000000000000058       0xe8 build/arch/xtensa/traps/traps.o
 .debug_frame   0x0000000000000140       0xa0 build/arch/xtensa/timer/timer.o
 .debug_frame   0x00000000000001e0       0xa0 build/kernel/core/kernel.o
 .debug_frame   0x0000000000000280       0xe8 build/kernel/scheduler/scheduler.o
 .debug_frame   0x0000000000000368       0x70 build/kernel/task/task.o
 .debug_frame   0x00000000000003d8       0xe8 build/kernel/process/process.o
 .debug_frame   0x00000000000004c0      0x250 build/kernel/syscall/syscall.o
 .debug_frame   0x0000000000000710       0x40 build/kernel/exec/exec.o
 .debug_frame   0x0000000000000750      0x238 build/kernel/memory/memory.o
 .debug_frame   0x0000000000000988       0xe8 build/kernel/sync/sync.o
 .debug_frame   0x0000000000000a70       0x28 build/kernel/panic/panic.o
 .debug_frame   0x0000000000000a98       0xa0 build/drivers/uart/uart.o
 .debug_frame   0x0000000000000b38       0x88 build/drivers/flash/flash.o
 .debug_frame   0x0000000000000bc0       0x70 build/drivers/psram/psram.o
 .debug_frame   0x0000000000000c30      0x250 build/fs/vfs/vfs.o
 .debug_frame   0x0000000000000e80      0x1a8 build/fs/ramfs/ramfs.o
 .debug_frame   0x0000000000001028      0x118 build/fs/devfs/devfs.o
 .debug_frame   0x0000000000001140      0x178 build/fs/flashfs/flashfs.o
 .debug_frame   0x00000000000012b8      0x1a8 build/libc/string/string.o
 .debug_frame   0x0000000000001460      0x238 build/libc/stdio/stdio.o
 .debug_frame   0x0000000000001698      0x1f0 build/libc/stdlib/stdlib.o
 .debug_frame   0x0000000000001888      0x148 build/libc/ctype/ctype.o
 .debug_frame   0x00000000000019d0      0x2e0 build/libc/posix/posix.o
 .debug_frame   0x0000000000001cb0       0x28 build/userland/init/init.o
 .debug_frame   0x0000000000001cd8      0x118 build/userland/sh/shell.o

.debug_loclists
                0x0000000000000000     0x6670
 .debug_loclists
                0x0000000000000000       0x3d build/arch/xtensa/cpu/cpu.o
 .debug_loclists
                0x000000000000003d       0xf9 build/arch/xtensa/traps/traps.o
 .debug_loclists
                0x0000000000000136      0x103 build/arch/xtensa/timer/timer.o
 .debug_loclists
                0x0000000000000239       0x74 build/kernel/core/kernel.o
 .debug_loclists
                0x00000000000002ad      0x2b6 build/kernel/scheduler/scheduler.o
 .debug_loclists
                0x0000000000000563       0xc0 build/kernel/task/task.o
 .debug_loclists
                0x0000000000000623      0x10a build/kernel/process/process.o
 .debug_loclists
                0x000000000000072d      0xef9 build/kernel/syscall/syscall.o
 .debug_loclists
                0x0000000000001626      0x106 build/kernel/exec/exec.o
 .debug_loclists
                0x000000000000172c      0x9cd build/kernel/memory/memory.o
 .debug_loclists
                0x00000000000020f9       0x83 build/kernel/sync/sync.o
 .debug_loclists
                0x000000000000217c       0x2c build/kernel/panic/panic.o
 .debug_loclists
                0x00000000000021a8       0xde build/drivers/uart/uart.o
 .debug_loclists
                0x0000000000002286      0x54d build/drivers/flash/flash.o
 .debug_loclists
                0x00000000000027d3      0x62d build/drivers/psram/psram.o
 .debug_loclists
                0x0000000000002e00      0xa96 build/fs/vfs/vfs.o
 .debug_loclists
                0x0000000000003896      0xb10 build/fs/ramfs/ramfs.o
 .debug_loclists
                0x00000000000043a6      0x369 build/fs/devfs/devfs.o
 .debug_loclists
                0x000000000000470f      0x2a8 build/fs/flashfs/flashfs.o
 .debug_loclists
                0x00000000000049b7      0x653 build/libc/string/string.o
 .debug_loclists
                0x000000000000500a      0xa80 build/libc/stdio/stdio.o
 .debug_loclists
                0x0000000000005a8a      0x2d0 build/libc/stdlib/stdlib.o
 .debug_loclists
                0x0000000000005d5a      0x19c build/libc/ctype/ctype.o
 .debug_loclists
                0x0000000000005ef6      0x3ec build/libc/posix/posix.o
 .debug_loclists
                0x00000000000062e2      0x38e build/userland/sh/shell.o
