
Discarded input sections

 .vector_table.literal
                0x0000000000000000        0x0 build/arch/xtensa/boot/startup.o
 .literal       0x0000000000000000        0x0 build/arch/xtensa/boot/startup.o
 .data          0x0000000000000000        0x0 build/arch/xtensa/boot/startup.o
 .bss           0x0000000000000000        0x0 build/arch/xtensa/boot/startup.o
 .xt.lit        0x0000000000000000       0x18 build/arch/xtensa/boot/startup.o
 .xt.prop       0x0000000000000000       0xd8 build/arch/xtensa/boot/startup.o
 .literal       0x0000000000000000        0x0 build/arch/xtensa/cpu/cpu.o
 .text          0x0000000000000000       0x6d build/arch/xtensa/cpu/cpu.o
 .data          0x0000000000000000        0x0 build/arch/xtensa/cpu/cpu.o
 .bss           0x0000000000000000        0x0 build/arch/xtensa/cpu/cpu.o
 .debug_frame   0x0000000000000000       0x58 build/arch/xtensa/cpu/cpu.o
 .debug_info    0x0000000000000000      0x203 build/arch/xtensa/cpu/cpu.o
 .debug_abbrev  0x0000000000000000      0x12e build/arch/xtensa/cpu/cpu.o
 .debug_loclists
                0x0000000000000000       0x3d build/arch/xtensa/cpu/cpu.o
 .debug_aranges
                0x0000000000000000       0x20 build/arch/xtensa/cpu/cpu.o
 .debug_line    0x0000000000000000      0x11b build/arch/xtensa/cpu/cpu.o
 .debug_str     0x0000000000000000      0x185 build/arch/xtensa/cpu/cpu.o
 .debug_line_str
                0x0000000000000000      0x11d build/arch/xtensa/cpu/cpu.o
 .comment       0x0000000000000000       0x27 build/arch/xtensa/cpu/cpu.o
 .xt.lit        0x0000000000000000       0x10 build/arch/xtensa/cpu/cpu.o
 .xt.prop       0x0000000000000000       0x78 build/arch/xtensa/cpu/cpu.o
 .data          0x0000000000000000        0x0 build/arch/xtensa/cpu/xtensa_regs.o
 .bss           0x0000000000000000        0x0 build/arch/xtensa/cpu/xtensa_regs.o
 .xt.prop       0x0000000000000000      0x24c build/arch/xtensa/cpu/xtensa_regs.o
 .data          0x0000000000000000        0x0 build/arch/xtensa/context/context.o
 .bss           0x0000000000000000        0x0 build/arch/xtensa/context/context.o
 .xt.prop       0x0000000000000000       0x54 build/arch/xtensa/context/context.o
 .vector_table.literal
                0x0000000000000000        0x0 build/arch/xtensa/exceptions/vectors.o
 .literal       0x0000000000000000        0x0 build/arch/xtensa/exceptions/vectors.o
 .data          0x0000000000000000        0x0 build/arch/xtensa/exceptions/vectors.o
 .bss           0x0000000000000000        0x0 build/arch/xtensa/exceptions/vectors.o
 .xt.lit        0x0000000000000000       0x10 build/arch/xtensa/exceptions/vectors.o
 .xt.prop       0x0000000000000000      0x660 build/arch/xtensa/exceptions/vectors.o
 .literal       0x0000000000000000        0x0 build/arch/xtensa/traps/traps.o
 .data          0x0000000000000000        0x0 build/arch/xtensa/traps/traps.o
 .xt.lit        0x0000000000000000       0x48 build/arch/xtensa/traps/traps.o
 .xt.prop       0x0000000000000000      0x21c build/arch/xtensa/traps/traps.o
 .literal       0x0000000000000000        0x0 build/arch/xtensa/timer/timer.o
 .bss           0x0000000000000000        0x0 build/arch/xtensa/timer/timer.o
 .xt.lit        0x0000000000000000       0x30 build/arch/xtensa/timer/timer.o
 .xt.prop       0x0000000000000000      0x12c build/arch/xtensa/timer/timer.o
 .literal       0x0000000000000000        0x0 build/arch/xtensa/atomic/atomic.o
 .text          0x0000000000000000      0x203 build/arch/xtensa/atomic/atomic.o
 .data          0x0000000000000000        0x0 build/arch/xtensa/atomic/atomic.o
 .bss           0x0000000000000000        0x0 build/arch/xtensa/atomic/atomic.o
 .debug_frame   0x0000000000000000       0xe8 build/arch/xtensa/atomic/atomic.o
 .debug_info    0x0000000000000000      0x53a build/arch/xtensa/atomic/atomic.o
 .debug_abbrev  0x0000000000000000      0x148 build/arch/xtensa/atomic/atomic.o
 .debug_loclists
                0x0000000000000000      0x121 build/arch/xtensa/atomic/atomic.o
 .debug_aranges
                0x0000000000000000       0x20 build/arch/xtensa/atomic/atomic.o
 .debug_line    0x0000000000000000      0x445 build/arch/xtensa/atomic/atomic.o
 .debug_str     0x0000000000000000      0x178 build/arch/xtensa/atomic/atomic.o
 .debug_line_str
                0x0000000000000000      0x12f build/arch/xtensa/atomic/atomic.o
 .comment       0x0000000000000000       0x27 build/arch/xtensa/atomic/atomic.o
 .xt.lit        0x0000000000000000       0x48 build/arch/xtensa/atomic/atomic.o
 .xt.prop       0x0000000000000000      0x168 build/arch/xtensa/atomic/atomic.o
 .literal       0x0000000000000000        0x0 build/kernel/core/kernel.o
 .xt.lit        0x0000000000000000       0x30 build/kernel/core/kernel.o
 .xt.prop       0x0000000000000000      0x3fc build/kernel/core/kernel.o
 .literal       0x0000000000000000        0x0 build/kernel/scheduler/scheduler.o
 .data          0x0000000000000000        0x0 build/kernel/scheduler/scheduler.o
 .xt.lit        0x0000000000000000       0x40 build/kernel/scheduler/scheduler.o
 .xt.prop       0x0000000000000000      0x30c build/kernel/scheduler/scheduler.o
 .literal       0x0000000000000000        0x0 build/kernel/task/task.o
 .text          0x0000000000000000       0x91 build/kernel/task/task.o
 .data          0x0000000000000000        0x0 build/kernel/task/task.o
 .bss           0x0000000000000000        0x0 build/kernel/task/task.o
 .debug_frame   0x0000000000000000       0x28 build/kernel/task/task.o
 .debug_info    0x0000000000000000      0x489 build/kernel/task/task.o
 .debug_abbrev  0x0000000000000000      0x14c build/kernel/task/task.o
 .debug_loclists
                0x0000000000000000       0x1c build/kernel/task/task.o
 .debug_aranges
                0x0000000000000000       0x20 build/kernel/task/task.o
 .debug_line    0x0000000000000000      0x203 build/kernel/task/task.o
 .debug_str     0x0000000000000000      0x269 build/kernel/task/task.o
 .debug_line_str
                0x0000000000000000      0x160 build/kernel/task/task.o
 .comment       0x0000000000000000       0x27 build/kernel/task/task.o
 .xt.lit        0x0000000000000000        0x8 build/kernel/task/task.o
 .xt.prop       0x0000000000000000       0x60 build/kernel/task/task.o
 .literal       0x0000000000000000        0x0 build/kernel/process/process.o
 .data          0x0000000000000000        0x0 build/kernel/process/process.o
 .bss           0x0000000000000000        0x0 build/kernel/process/process.o
 .xt.lit        0x0000000000000000       0x30 build/kernel/process/process.o
 .xt.prop       0x0000000000000000      0x270 build/kernel/process/process.o
 .literal       0x0000000000000000        0x0 build/kernel/syscall/syscall.o
 .data          0x0000000000000000        0x0 build/kernel/syscall/syscall.o
 .bss           0x0000000000000000        0x0 build/kernel/syscall/syscall.o
 .xt.lit        0x0000000000000000       0x28 build/kernel/syscall/syscall.o
 .xt.prop       0x0000000000000000      0x3f0 build/kernel/syscall/syscall.o
 .literal       0x0000000000000000        0x0 build/kernel/memory/memory.o
 .data          0x0000000000000000        0x0 build/kernel/memory/memory.o
 .xt.lit        0x0000000000000000       0x40 build/kernel/memory/memory.o
 .xt.prop       0x0000000000000000      0x294 build/kernel/memory/memory.o
 .literal       0x0000000000000000        0x0 build/kernel/ipc/ipc.o
 .text          0x0000000000000000      0x11a build/kernel/ipc/ipc.o
 .data          0x0000000000000000        0x0 build/kernel/ipc/ipc.o
 .bss           0x0000000000000000        0x0 build/kernel/ipc/ipc.o
 .debug_frame   0x0000000000000000       0xa0 build/kernel/ipc/ipc.o
 .debug_info    0x0000000000000000      0x665 build/kernel/ipc/ipc.o
 .debug_abbrev  0x0000000000000000      0x1ee build/kernel/ipc/ipc.o
 .debug_loclists
                0x0000000000000000      0x186 build/kernel/ipc/ipc.o
 .debug_aranges
                0x0000000000000000       0x20 build/kernel/ipc/ipc.o
 .debug_line    0x0000000000000000      0x3ab build/kernel/ipc/ipc.o
 .debug_str     0x0000000000000000      0x2f9 build/kernel/ipc/ipc.o
 .debug_line_str
                0x0000000000000000      0x15a build/kernel/ipc/ipc.o
 .comment       0x0000000000000000       0x27 build/kernel/ipc/ipc.o
 .xt.lit        0x0000000000000000       0x30 build/kernel/ipc/ipc.o
 .xt.prop       0x0000000000000000      0x1e0 build/kernel/ipc/ipc.o
 .literal       0x0000000000000000        0x0 build/kernel/sync/sync.o
 .text          0x0000000000000000      0x1f5 build/kernel/sync/sync.o
 .data          0x0000000000000000        0x0 build/kernel/sync/sync.o
 .bss           0x0000000000000000        0x0 build/kernel/sync/sync.o
 .debug_frame   0x0000000000000000       0xe8 build/kernel/sync/sync.o
 .debug_info    0x0000000000000000      0x798 build/kernel/sync/sync.o
 .debug_abbrev  0x0000000000000000      0x1c4 build/kernel/sync/sync.o
 .debug_loclists
                0x0000000000000000       0x83 build/kernel/sync/sync.o
 .debug_aranges
                0x0000000000000000       0x20 build/kernel/sync/sync.o
 .debug_line    0x0000000000000000      0x4df build/kernel/sync/sync.o
 .debug_str     0x0000000000000000      0x36f build/kernel/sync/sync.o
 .debug_line_str
                0x0000000000000000      0x12e build/kernel/sync/sync.o
 .comment       0x0000000000000000       0x27 build/kernel/sync/sync.o
 .xt.lit        0x0000000000000000       0x20 build/kernel/sync/sync.o
 .xt.prop       0x0000000000000000      0x1ec build/kernel/sync/sync.o
 .literal       0x0000000000000000        0x0 build/kernel/signal/signal.o
 .text          0x0000000000000000       0xf5 build/kernel/signal/signal.o
 .data          0x0000000000000000        0x0 build/kernel/signal/signal.o
 .bss           0x0000000000000000      0x100 build/kernel/signal/signal.o
 .debug_frame   0x0000000000000000       0xa0 build/kernel/signal/signal.o
 .debug_info    0x0000000000000000      0x2df build/kernel/signal/signal.o
 .debug_abbrev  0x0000000000000000      0x1f5 build/kernel/signal/signal.o
 .debug_loclists
                0x0000000000000000       0xf7 build/kernel/signal/signal.o
 .debug_aranges
                0x0000000000000000       0x20 build/kernel/signal/signal.o
 .debug_line    0x0000000000000000      0x34a build/kernel/signal/signal.o
 .debug_str     0x0000000000000000      0x191 build/kernel/signal/signal.o
 .debug_line_str
                0x0000000000000000       0xb6 build/kernel/signal/signal.o
 .comment       0x0000000000000000       0x27 build/kernel/signal/signal.o
 .xt.lit        0x0000000000000000       0x28 build/kernel/signal/signal.o
 .xt.prop       0x0000000000000000      0x174 build/kernel/signal/signal.o
 .literal       0x0000000000000000        0x0 build/kernel/time/time.o
 .text          0x0000000000000000       0x72 build/kernel/time/time.o
 .data          0x0000000000000000        0x0 build/kernel/time/time.o
 .bss           0x0000000000000000        0x4 build/kernel/time/time.o
 .debug_frame   0x0000000000000000       0xa0 build/kernel/time/time.o
 .debug_info    0x0000000000000000      0x139 build/kernel/time/time.o
 .debug_abbrev  0x0000000000000000       0xbf build/kernel/time/time.o
 .debug_loclists
                0x0000000000000000       0x1e build/kernel/time/time.o
 .debug_aranges
                0x0000000000000000       0x20 build/kernel/time/time.o
 .debug_line    0x0000000000000000      0x137 build/kernel/time/time.o
 .debug_str     0x0000000000000000      0x169 build/kernel/time/time.o
 .debug_line_str
                0x0000000000000000      0x108 build/kernel/time/time.o
 .comment       0x0000000000000000       0x27 build/kernel/time/time.o
 .xt.lit        0x0000000000000000       0x28 build/kernel/time/time.o
 .xt.prop       0x0000000000000000       0xe4 build/kernel/time/time.o
 .literal       0x0000000000000000        0x0 build/kernel/panic/panic.o
 .data          0x0000000000000000        0x0 build/kernel/panic/panic.o
 .bss           0x0000000000000000        0x0 build/kernel/panic/panic.o
 .xt.lit        0x0000000000000000        0x8 build/kernel/panic/panic.o
 .xt.prop       0x0000000000000000       0x54 build/kernel/panic/panic.o
 .literal       0x0000000000000000        0x0 build/drivers/uart/uart.o
 .data          0x0000000000000000        0x0 build/drivers/uart/uart.o
 .bss           0x0000000000000000        0x0 build/drivers/uart/uart.o
 .xt.lit        0x0000000000000000       0x30 build/drivers/uart/uart.o
 .xt.prop       0x0000000000000000      0x198 build/drivers/uart/uart.o
 .text          0x0000000000000000       0x55 build/drivers/gpio/gpio.o
 .data          0x0000000000000000        0x0 build/drivers/gpio/gpio.o
 .bss           0x0000000000000000        0x0 build/drivers/gpio/gpio.o
 .debug_frame   0x0000000000000000      0x118 build/drivers/gpio/gpio.o
 .debug_info    0x0000000000000000      0x18f build/drivers/gpio/gpio.o
 .debug_abbrev  0x0000000000000000       0xcf build/drivers/gpio/gpio.o
 .debug_loclists
                0x0000000000000000       0x1e build/drivers/gpio/gpio.o
 .debug_aranges
                0x0000000000000000       0x20 build/drivers/gpio/gpio.o
 .debug_line    0x0000000000000000       0xcb build/drivers/gpio/gpio.o
 .debug_str     0x0000000000000000      0x12c build/drivers/gpio/gpio.o
 .debug_line_str
                0x0000000000000000       0x9c build/drivers/gpio/gpio.o
 .comment       0x0000000000000000       0x27 build/drivers/gpio/gpio.o
 .xt.prop       0x0000000000000000      0x114 build/drivers/gpio/gpio.o
 .text          0x0000000000000000       0x29 build/drivers/timer/timer.o
 .data          0x0000000000000000        0x0 build/drivers/timer/timer.o
 .bss           0x0000000000000000        0x0 build/drivers/timer/timer.o
 .debug_frame   0x0000000000000000       0x88 build/drivers/timer/timer.o
 .debug_info    0x0000000000000000      0x136 build/drivers/timer/timer.o
 .debug_abbrev  0x0000000000000000      0x101 build/drivers/timer/timer.o
 .debug_loclists
                0x0000000000000000       0x1e build/drivers/timer/timer.o
 .debug_aranges
                0x0000000000000000       0x20 build/drivers/timer/timer.o
 .debug_line    0x0000000000000000       0xdc build/drivers/timer/timer.o
 .debug_str     0x0000000000000000      0x14c build/drivers/timer/timer.o
 .debug_line_str
                0x0000000000000000      0x100 build/drivers/timer/timer.o
 .comment       0x0000000000000000       0x27 build/drivers/timer/timer.o
 .xt.prop       0x0000000000000000       0x84 build/drivers/timer/timer.o
 .literal       0x0000000000000000        0x0 build/drivers/flash/flash.o
 .text          0x0000000000000000       0x2c build/drivers/flash/flash.o
 .data          0x0000000000000000        0x0 build/drivers/flash/flash.o
 .bss           0x0000000000000000        0x0 build/drivers/flash/flash.o
 .debug_frame   0x0000000000000000       0x88 build/drivers/flash/flash.o
 .debug_info    0x0000000000000000      0x18a build/drivers/flash/flash.o
 .debug_abbrev  0x0000000000000000      0x134 build/drivers/flash/flash.o
 .debug_loclists
                0x0000000000000000       0x30 build/drivers/flash/flash.o
 .debug_aranges
                0x0000000000000000       0x20 build/drivers/flash/flash.o
 .debug_line    0x0000000000000000       0xf1 build/drivers/flash/flash.o
 .debug_str     0x0000000000000000      0x146 build/drivers/flash/flash.o
 .debug_line_str
                0x0000000000000000      0x109 build/drivers/flash/flash.o
 .comment       0x0000000000000000       0x27 build/drivers/flash/flash.o
 .xt.lit        0x0000000000000000        0x8 build/drivers/flash/flash.o
 .xt.prop       0x0000000000000000       0x90 build/drivers/flash/flash.o
 .literal       0x0000000000000000        0x0 build/drivers/psram/psram.o
 .text          0x0000000000000000       0x24 build/drivers/psram/psram.o
 .data          0x0000000000000000        0x0 build/drivers/psram/psram.o
 .bss           0x0000000000000000        0x0 build/drivers/psram/psram.o
 .debug_frame   0x0000000000000000       0x70 build/drivers/psram/psram.o
 .debug_info    0x0000000000000000      0x14d build/drivers/psram/psram.o
 .debug_abbrev  0x0000000000000000       0xf2 build/drivers/psram/psram.o
 .debug_loclists
                0x0000000000000000       0x1e build/drivers/psram/psram.o
 .debug_aranges
                0x0000000000000000       0x20 build/drivers/psram/psram.o
 .debug_line    0x0000000000000000       0xb9 build/drivers/psram/psram.o
 .debug_str     0x0000000000000000      0x13a build/drivers/psram/psram.o
 .debug_line_str
                0x0000000000000000      0x109 build/drivers/psram/psram.o
 .comment       0x0000000000000000       0x27 build/drivers/psram/psram.o
 .xt.lit        0x0000000000000000        0x8 build/drivers/psram/psram.o
 .xt.prop       0x0000000000000000       0x78 build/drivers/psram/psram.o
 .text          0x0000000000000000       0x15 build/drivers/spi/spi.o
 .data          0x0000000000000000        0x0 build/drivers/spi/spi.o
 .bss           0x0000000000000000        0x0 build/drivers/spi/spi.o
 .debug_frame   0x0000000000000000       0x58 build/drivers/spi/spi.o
 .debug_info    0x0000000000000000      0x101 build/drivers/spi/spi.o
 .debug_abbrev  0x0000000000000000       0xd8 build/drivers/spi/spi.o
 .debug_loclists
                0x0000000000000000       0x1e build/drivers/spi/spi.o
 .debug_aranges
                0x0000000000000000       0x20 build/drivers/spi/spi.o
 .debug_line    0x0000000000000000       0xde build/drivers/spi/spi.o
 .debug_str     0x0000000000000000       0xd7 build/drivers/spi/spi.o
 .debug_line_str
                0x0000000000000000       0xf0 build/drivers/spi/spi.o
 .comment       0x0000000000000000       0x27 build/drivers/spi/spi.o
 .xt.prop       0x0000000000000000       0x54 build/drivers/spi/spi.o
 .text          0x0000000000000000       0x1f build/drivers/i2c/i2c.o
 .data          0x0000000000000000        0x0 build/drivers/i2c/i2c.o
 .bss           0x0000000000000000        0x0 build/drivers/i2c/i2c.o
 .debug_frame   0x0000000000000000       0x70 build/drivers/i2c/i2c.o
 .debug_info    0x0000000000000000      0x1d2 build/drivers/i2c/i2c.o
 .debug_abbrev  0x0000000000000000      0x12f build/drivers/i2c/i2c.o
 .debug_loclists
                0x0000000000000000       0x30 build/drivers/i2c/i2c.o
 .debug_aranges
                0x0000000000000000       0x20 build/drivers/i2c/i2c.o
 .debug_line    0x0000000000000000      0x11b build/drivers/i2c/i2c.o
 .debug_str     0x0000000000000000      0x14b build/drivers/i2c/i2c.o
 .debug_line_str
                0x0000000000000000       0xfd build/drivers/i2c/i2c.o
 .comment       0x0000000000000000       0x27 build/drivers/i2c/i2c.o
 .xt.prop       0x0000000000000000       0x6c build/drivers/i2c/i2c.o
 .text          0x0000000000000000       0x1f build/drivers/dma/dma.o
 .data          0x0000000000000000        0x0 build/drivers/dma/dma.o
 .bss           0x0000000000000000        0x0 build/drivers/dma/dma.o
 .debug_frame   0x0000000000000000       0x70 build/drivers/dma/dma.o
 .debug_info    0x0000000000000000      0x104 build/drivers/dma/dma.o
 .debug_abbrev  0x0000000000000000       0xcc build/drivers/dma/dma.o
 .debug_loclists
                0x0000000000000000       0x30 build/drivers/dma/dma.o
 .debug_aranges
                0x0000000000000000       0x20 build/drivers/dma/dma.o
 .debug_line    0x0000000000000000       0xea build/drivers/dma/dma.o
 .debug_str     0x0000000000000000       0xd3 build/drivers/dma/dma.o
 .debug_line_str
                0x0000000000000000       0xf0 build/drivers/dma/dma.o
 .comment       0x0000000000000000       0x27 build/drivers/dma/dma.o
 .xt.prop       0x0000000000000000       0x6c build/drivers/dma/dma.o
 .literal       0x0000000000000000        0x0 build/drivers/console/console.o
 .text          0x0000000000000000       0x41 build/drivers/console/console.o
 .data          0x0000000000000000        0x0 build/drivers/console/console.o
 .bss           0x0000000000000000        0x0 build/drivers/console/console.o
 .debug_frame   0x0000000000000000       0x70 build/drivers/console/console.o
 .debug_info    0x0000000000000000      0x12b build/drivers/console/console.o
 .debug_abbrev  0x0000000000000000       0xf0 build/drivers/console/console.o
 .debug_aranges
                0x0000000000000000       0x20 build/drivers/console/console.o
 .debug_line    0x0000000000000000       0xc9 build/drivers/console/console.o
 .debug_str     0x0000000000000000       0xbb build/drivers/console/console.o
 .debug_line_str
                0x0000000000000000       0xae build/drivers/console/console.o
 .comment       0x0000000000000000       0x27 build/drivers/console/console.o
 .xt.lit        0x0000000000000000       0x18 build/drivers/console/console.o
 .xt.prop       0x0000000000000000       0x90 build/drivers/console/console.o
 .literal       0x0000000000000000        0x0 build/fs/vfs/vfs.o
 .data          0x0000000000000000        0x0 build/fs/vfs/vfs.o
 .xt.lit        0x0000000000000000       0x40 build/fs/vfs/vfs.o
 .xt.prop       0x0000000000000000      0x54c build/fs/vfs/vfs.o
 .literal       0x0000000000000000        0x0 build/fs/ramfs/ramfs.o
 .xt.lit        0x0000000000000000       0x48 build/fs/ramfs/ramfs.o
 .xt.prop       0x0000000000000000      0x498 build/fs/ramfs/ramfs.o
 .literal       0x0000000000000000        0x0 build/fs/devfs/devfs.o
 .xt.lit        0x0000000000000000       0x40 build/fs/devfs/devfs.o
 .xt.prop       0x0000000000000000      0x2b8 build/fs/devfs/devfs.o
 .text          0x0000000000000000       0x1f build/fs/storage/storage.o
 .data          0x0000000000000000        0x0 build/fs/storage/storage.o
 .bss           0x0000000000000000        0x0 build/fs/storage/storage.o
 .debug_frame   0x0000000000000000       0x70 build/fs/storage/storage.o
 .debug_info    0x0000000000000000      0x14a build/fs/storage/storage.o
 .debug_abbrev  0x0000000000000000       0xda build/fs/storage/storage.o
 .debug_loclists
                0x0000000000000000       0x1e build/fs/storage/storage.o
 .debug_aranges
                0x0000000000000000       0x20 build/fs/storage/storage.o
 .debug_line    0x0000000000000000       0xbe build/fs/storage/storage.o
 .debug_str     0x0000000000000000      0x147 build/fs/storage/storage.o
 .debug_line_str
                0x0000000000000000       0xfd build/fs/storage/storage.o
 .comment       0x0000000000000000       0x27 build/fs/storage/storage.o
 .xt.prop       0x0000000000000000       0x6c build/fs/storage/storage.o
 .literal       0x0000000000000000        0x0 build/libc/string/string.o
 .data          0x0000000000000000        0x0 build/libc/string/string.o
 .xt.lit        0x0000000000000000        0x8 build/libc/string/string.o
 .xt.prop       0x0000000000000000      0x570 build/libc/string/string.o
 .literal       0x0000000000000000        0x0 build/libc/stdio/stdio.o
 .text          0x0000000000000000      0x79d build/libc/stdio/stdio.o
 .data          0x0000000000000000       0x6c build/libc/stdio/stdio.o
 .bss           0x0000000000000000        0x0 build/libc/stdio/stdio.o
 .rodata.str1.4
                0x0000000000000000        0x7 build/libc/stdio/stdio.o
 .debug_frame   0x0000000000000000      0x238 build/libc/stdio/stdio.o
 .debug_info    0x0000000000000000     0x151c build/libc/stdio/stdio.o
 .debug_abbrev  0x0000000000000000      0x39a build/libc/stdio/stdio.o
 .debug_loclists
                0x0000000000000000      0xa80 build/libc/stdio/stdio.o
 .debug_aranges
                0x0000000000000000       0x20 build/libc/stdio/stdio.o
 .debug_rnglists
                0x0000000000000000       0xa8 build/libc/stdio/stdio.o
 .debug_line    0x0000000000000000     0x1920 build/libc/stdio/stdio.o
 .debug_str     0x0000000000000000      0x3de build/libc/stdio/stdio.o
 .debug_line_str
                0x0000000000000000      0x13f build/libc/stdio/stdio.o
 .comment       0x0000000000000000       0x27 build/libc/stdio/stdio.o
 .xt.lit        0x0000000000000000       0x70 build/libc/stdio/stdio.o
 .xt.prop       0x0000000000000000      0x954 build/libc/stdio/stdio.o
 .literal       0x0000000000000000        0x0 build/libc/stdlib/stdlib.o
 .xt.lit        0x0000000000000000       0x58 build/libc/stdlib/stdlib.o
 .xt.prop       0x0000000000000000      0x468 build/libc/stdlib/stdlib.o
 .text          0x0000000000000000      0x160 build/libc/ctype/ctype.o
 .data          0x0000000000000000        0x0 build/libc/ctype/ctype.o
 .bss           0x0000000000000000        0x0 build/libc/ctype/ctype.o
 .debug_frame   0x0000000000000000      0x148 build/libc/ctype/ctype.o
 .debug_info    0x0000000000000000      0x42f build/libc/ctype/ctype.o
 .debug_abbrev  0x0000000000000000      0x111 build/libc/ctype/ctype.o
 .debug_loclists
                0x0000000000000000      0x19c build/libc/ctype/ctype.o
 .debug_aranges
                0x0000000000000000       0x20 build/libc/ctype/ctype.o
 .debug_rnglists
                0x0000000000000000       0x22 build/libc/ctype/ctype.o
 .debug_line    0x0000000000000000      0x423 build/libc/ctype/ctype.o
 .debug_str     0x0000000000000000      0x162 build/libc/ctype/ctype.o
 .debug_line_str
                0x0000000000000000       0x99 build/libc/ctype/ctype.o
 .comment       0x0000000000000000       0x27 build/libc/ctype/ctype.o
 .xt.prop       0x0000000000000000      0x1ec build/libc/ctype/ctype.o
 .literal       0x0000000000000000        0x0 build/libc/time/time.o
 .text          0x0000000000000000      0x157 build/libc/time/time.o
 .data          0x0000000000000000        0x0 build/libc/time/time.o
 .bss           0x0000000000000000       0x40 build/libc/time/time.o
 .rodata        0x0000000000000000       0x4c build/libc/time/time.o
 .rodata.str1.4
                0x0000000000000000       0x21 build/libc/time/time.o
 .debug_frame   0x0000000000000000       0x88 build/libc/time/time.o
 .debug_info    0x0000000000000000      0x99b build/libc/time/time.o
 .debug_abbrev  0x0000000000000000      0x1d0 build/libc/time/time.o
 .debug_loclists
                0x0000000000000000       0xeb build/libc/time/time.o
 .debug_aranges
                0x0000000000000000       0x20 build/libc/time/time.o
 .debug_line    0x0000000000000000      0x37c build/libc/time/time.o
 .debug_str     0x0000000000000000      0x42c build/libc/time/time.o
 .debug_line_str
                0x0000000000000000      0x125 build/libc/time/time.o
 .comment       0x0000000000000000       0x27 build/libc/time/time.o
 .xt.lit        0x0000000000000000       0x28 build/libc/time/time.o
 .xt.prop       0x0000000000000000      0x114 build/libc/time/time.o
 .literal       0x0000000000000000        0x0 build/libc/posix/posix.o
 .data          0x0000000000000000        0x0 build/libc/posix/posix.o
 .bss           0x0000000000000000        0x0 build/libc/posix/posix.o
 .xt.lit        0x0000000000000000       0xa0 build/libc/posix/posix.o
 .xt.prop       0x0000000000000000      0x4ec build/libc/posix/posix.o

Memory Configuration

Name             Origin             Length             Attributes
iram0_0_seg      0x0000000040080000 0x0000000000040000 xr
dram0_0_seg      0x000000003fc88000 0x0000000000030000 xrw
*default*        0x0000000000000000 0xffffffffffffffff

Linker script and memory map

LOAD build/arch/xtensa/boot/startup.o
LOAD build/arch/xtensa/cpu/cpu.o
LOAD build/arch/xtensa/cpu/xtensa_regs.o
LOAD build/arch/xtensa/context/context.o
LOAD build/arch/xtensa/exceptions/vectors.o
LOAD build/arch/xtensa/traps/traps.o
LOAD build/arch/xtensa/timer/timer.o
LOAD build/arch/xtensa/atomic/atomic.o
LOAD build/kernel/core/kernel.o
LOAD build/kernel/scheduler/scheduler.o
LOAD build/kernel/task/task.o
LOAD build/kernel/process/process.o
LOAD build/kernel/syscall/syscall.o
LOAD build/kernel/memory/memory.o
LOAD build/kernel/ipc/ipc.o
LOAD build/kernel/sync/sync.o
LOAD build/kernel/signal/signal.o
LOAD build/kernel/time/time.o
LOAD build/kernel/panic/panic.o
LOAD build/drivers/uart/uart.o
LOAD build/drivers/gpio/gpio.o
LOAD build/drivers/timer/timer.o
LOAD build/drivers/flash/flash.o
LOAD build/drivers/psram/psram.o
LOAD build/drivers/spi/spi.o
LOAD build/drivers/i2c/i2c.o
LOAD build/drivers/dma/dma.o
LOAD build/drivers/console/console.o
LOAD build/fs/vfs/vfs.o
LOAD build/fs/ramfs/ramfs.o
LOAD build/fs/devfs/devfs.o
LOAD build/fs/storage/storage.o
LOAD build/libc/string/string.o
LOAD build/libc/stdio/stdio.o
LOAD build/libc/stdlib/stdlib.o
LOAD build/libc/ctype/ctype.o
LOAD build/libc/time/time.o
LOAD build/libc/posix/posix.o
                0x0000000040080000                . = 0x40080000

.text           0x0000000040080000     0x3690
 *(.vector_table)
 .vector_table  0x0000000040080000       0x74 build/arch/xtensa/boot/startup.o
                                         0x78 (size before relaxing)
                0x0000000040080004                _start
 .vector_table  0x0000000040080074      0x281 build/arch/xtensa/exceptions/vectors.o
                                        0x3fd (size before relaxing)
                0x0000000040080078                _vector_table
 *(.text .text.* .gnu.linkonce.t.*)
 *fill*         0x00000000400802f5        0x3 
 .text          0x00000000400802f8        0x9 build/arch/xtensa/boot/startup.o
                                         0x10 (size before relaxing)
                0x00000000400802f8                _kernel_main
 *fill*         0x0000000040080301        0x3 
 .text          0x0000000040080304       0xa9 build/arch/xtensa/exceptions/vectors.o
                                         0xb1 (size before relaxing)
                0x0000000040080304                _exception_entry
                0x0000000040080362                _interrupt_entry
 *fill*         0x00000000400803ad        0x3 
 .text          0x00000000400803b0      0x228 build/arch/xtensa/traps/traps.o
                0x00000000400803e8                _default_exception_handler
                0x000000004008044c                _timer_interrupt_handler
                0x0000000040080490                trap_init
                0x00000000400804e0                trap_register_exception
                0x00000000400804f8                trap_register_interrupt
                0x0000000040080514                interrupt_enable
                0x0000000040080538                interrupt_disable
                0x0000000040080560                trap_dispatch_exception
                0x00000000400805a4                trap_dispatch_interrupt
 .text          0x00000000400805d8       0xef build/arch/xtensa/timer/timer.o
                0x00000000400805f0                timer_init
                0x0000000040080630                timer_set_freq
                0x0000000040080654                timer_get_ticks
                0x0000000040080664                timer_get_freq
                0x0000000040080678                udelay
                0x00000000400806a8                mdelay
 *fill*         0x00000000400806c7        0x1 
 .text          0x00000000400806c8      0x56a build/kernel/core/kernel.o
                0x00000000400807a4                shell_main
                0x0000000040080ae4                kernel_main
                0x0000000040080bb4                kernel_init
                0x0000000040080bc0                alloc_pid
                0x0000000040080be0                alloc_tid
                0x0000000040080c00                free_pid
                0x0000000040080c1c                free_tid
 *fill*         0x0000000040080c32        0x2 
 .text          0x0000000040080c34      0x2a0 build/kernel/scheduler/scheduler.o
                0x0000000040080c3c                scheduler_init
                0x0000000040080c58                task_enqueue
                0x0000000040080c8c                task_dequeue
                0x0000000040080cc0                scheduler_pick_next
                0x0000000040080d0c                task_wake
                0x0000000040080d94                scheduler_tick
                0x0000000040080e08                schedule
                0x0000000040080ea4                task_sleep
                0x0000000040080ecc                task_yield
 .text          0x0000000040080ed4      0x26b build/kernel/process/process.o
                0x0000000040080efc                task_create
                0x0000000040080fbc                task_destroy
                0x0000000040081024                process_create
                0x00000000400810b4                process_destroy
                0x0000000040081114                get_fd_table
                0x000000004008112c                get_fd_count
 *fill*         0x000000004008113f        0x1 
 .text          0x0000000040081140      0x3c1 build/kernel/syscall/syscall.o
                0x0000000040081144                get_file
                0x00000000400811b0                syscall_handler
                0x000000004008146c                syscall_exit
                0x000000004008148c                syscall_fork
                0x0000000040081494                syscall_exec
                0x000000004008149c                syscall_waitpid
                0x00000000400814ac                syscall_sleep
                0x00000000400814d4                syscall_kill
                0x00000000400814dc                syscall_pipe
                0x00000000400814e4                do_execve
                0x00000000400814f0                access
 *fill*         0x0000000040081501        0x3 
 .text          0x0000000040081504      0x227 build/kernel/memory/memory.o
                0x0000000040081580                memory_init
                0x00000000400815b8                kmalloc
                0x00000000400815e8                kzalloc
                0x0000000040081624                kfree
                0x000000004008167c                kmalloc_aligned
                0x00000000400816b8                psram_malloc
                0x00000000400816e0                psram_free
                0x00000000400816f0                memory_stats
 *fill*         0x000000004008172b        0x1 
 .text          0x000000004008172c      0x1ac build/kernel/panic/panic.o
                0x00000000400817d4                kernel_panic
 .text          0x00000000400818d8      0x1a0 build/drivers/uart/uart.o
                0x00000000400818ec                uart_init
                0x0000000040081928                uart_putc
                0x0000000040081950                uart_puts
                0x0000000040081998                uart_puthex
                0x00000000400819dc                uart_putdec
                0x0000000040081a58                uart_getc
 .text          0x0000000040081a78      0x61c build/fs/vfs/vfs.o
                0x0000000040081a7c                file_alloc
                0x0000000040081ab0                file_free
                0x0000000040081ad8                vfs_open
                0x0000000040081bb4                vfs_close
                0x0000000040081bdc                vfs_read
                0x0000000040081bfc                vfs_write
                0x0000000040081c1c                vfs_lseek
                0x0000000040081c3c                vfs_ioctl
                0x0000000040081c5c                vfs_readdir
                0x0000000040081c90                vfs_stat
                0x0000000040081d6c                fs_init
                0x0000000040081dcc                vfs_mkdir
                0x0000000040081e9c                vfs_rmdir
                0x0000000040081f70                vfs_unlink
                0x0000000040082030                vfs_rename
                0x0000000040082048                vfs_register_fs
 .text          0x0000000040082094      0x4a2 build/fs/ramfs/ramfs.o
                0x0000000040082094                ramfs_close
                0x000000004008209c                ramfs_lseek
                0x00000000400820cc                ramfs_stat
                0x0000000040082108                ramfs_read
                0x0000000040082158                ramfs_write
                0x00000000400821e0                ramfs_readdir
                0x0000000040082240                ramfs_open
                0x0000000040082364                ramfs_alloc_node
                0x00000000400823b0                ramfs_free_node
                0x0000000040082400                ramfs_find_child
                0x0000000040082450                ramfs_mount
 *fill*         0x0000000040082536        0x2 
 .text          0x0000000040082538      0x34e build/fs/devfs/devfs.o
                0x000000004008269c                devfs_register
                0x0000000040082740                devfs_mount
 *fill*         0x0000000040082886        0x2 
 .text          0x0000000040082888      0x2ed build/libc/string/string.o
                0x0000000040082888                memcpy
                0x00000000400828a0                memmove
                0x00000000400828d8                memset
                0x00000000400828f4                memcmp
                0x000000004008291c                memchr
                0x000000004008293c                strcpy
                0x0000000040082950                strncpy
                0x0000000040082988                strcat
                0x00000000400829b0                strncat
                0x00000000400829e8                strcmp
                0x0000000040082a14                strncmp
                0x0000000040082a40                strlen
                0x0000000040082a58                strchr
                0x0000000040082a78                strrchr
                0x0000000040082aa0                strstr
                0x0000000040082ae4                strtok
 *fill*         0x0000000040082b75        0x3 
 .text          0x0000000040082b78      0x31f build/libc/stdlib/stdlib.o
                0x0000000040082b7c                malloc
                0x0000000040082b90                free
                0x0000000040082ba8                calloc
                0x0000000040082bcc                realloc
                0x0000000040082bdc                atoi
                0x0000000040082c88                atol
                0x0000000040082c94                strtol
                0x0000000040082d60                strtoul
                0x0000000040082d7c                rand
                0x0000000040082d9c                srand
                0x0000000040082dac                exit
                0x0000000040082dc0                _exit
                0x0000000040082dd0                abs
                0x0000000040082dd8                labs
                0x0000000040082de0                system
                0x0000000040082df4                getenv
                0x0000000040082e38                setenv
                0x0000000040082e40                unsetenv
                0x0000000040082e54                getcwd
                0x0000000040082e80                chdir
 *fill*         0x0000000040082e97        0x1 
 .text          0x0000000040082e98      0x376 build/libc/posix/posix.o
                0x0000000040082ea8                open
                0x0000000040082ef4                close
                0x0000000040082f24                read
                0x0000000040082f54                write
                0x0000000040082f84                lseek
                0x0000000040082fb0                stat
                0x0000000040082fcc                fstat
                0x0000000040082ffc                mkdir
                0x0000000040083014                rmdir
                0x0000000040083028                unlink
                0x000000004008303c                rename
                0x0000000040083050                chmod
                0x0000000040083058                chown
                0x0000000040083064                getpid
                0x0000000040083078                getppid
                0x0000000040083098                getuid
                0x00000000400830a0                getgid
                0x00000000400830a8                setuid
                0x00000000400830b0                setgid
                0x00000000400830b8                fork
                0x00000000400830c4                execve
                0x00000000400830dc                waitpid
                0x00000000400830f4                pipe
                0x0000000040083110                dup
                0x0000000040083160                dup2
                0x00000000400831b0                ioctl
                0x00000000400831f8                getlogin
                0x0000000040083200                isatty
 *fill*         0x000000004008320e        0x2 
 .text          0x0000000040083210       0x9e build/arch/xtensa/cpu/xtensa_regs.o
                0x0000000040083210                read_psr
                0x0000000040083217                write_psr
                0x000000004008321f                read_epsr
                0x0000000040083226                read_epc
                0x000000004008322d                write_epc
                0x0000000040083235                read_exccause
                0x000000004008323c                read_excvaddr
                0x0000000040083243                read_intenable
                0x000000004008324a                write_intenable
                0x0000000040083252                write_intclear
                0x0000000040083254                read_ccount
                0x000000004008325b                write_ccount
                0x0000000040083263                read_ccompare0
                0x000000004008326a                read_ccompare1
                0x0000000040083271                write_ccompare0
                0x0000000040083279                write_ccompare1
                0x0000000040083281                read_sar
                0x0000000040083288                write_sar
                0x0000000040083290                rsync
                0x0000000040083295                esync
                0x000000004008329a                dsync
                0x000000004008329f                isync
                0x00000000400832a4                memw
                0x00000000400832a9                waiti
 *fill*         0x00000000400832ae        0x2 
 .text          0x00000000400832b0       0xc4 build/arch/xtensa/context/context.o
                0x00000000400832b0                context_switch
                0x0000000040083311                context_save
                0x0000000040083345                context_restore
 *fill*         0x0000000040083374        0x0 
 *fill*         0x0000000040083374        0x0 
 *fill*         0x0000000040083374        0x0 
 *fill*         0x0000000040083374        0x0 
 *fill*         0x0000000040083374        0x0 
 *fill*         0x0000000040083374        0x0 
 *fill*         0x0000000040083374        0x0 
 *fill*         0x0000000040083374        0x0 
 *fill*         0x0000000040083374        0x0 
 *fill*         0x0000000040083374        0x0 
 *(.rodata .rodata.* .gnu.linkonce.r.*)
 *fill*         0x0000000040083374        0x0 
 .rodata.str1.4
                0x0000000040083374       0x30 build/arch/xtensa/traps/traps.o
                                         0x34 (size before relaxing)
 .rodata.str1.4
                0x00000000400833a4      0x1c8 build/kernel/core/kernel.o
                                        0x1d0 (size before relaxing)
 .rodata        0x000000004008356c       0x60 build/kernel/syscall/syscall.o
 .rodata.str1.4
                0x00000000400835cc       0x74 build/kernel/panic/panic.o
                                         0x78 (size before relaxing)
 .rodata.str1.4
                0x0000000040083640       0x11 build/drivers/uart/uart.o
 *fill*         0x0000000040083651        0x3 
 .rodata.str1.4
                0x0000000040083654        0x5 build/fs/vfs/vfs.o
                                          0x9 (size before relaxing)
 *fill*         0x0000000040083659        0x3 
 .rodata.str1.4
                0x000000004008365c        0x4 build/fs/ramfs/ramfs.o
                                          0x8 (size before relaxing)
 .rodata.str1.4
                0x0000000040083660       0x28 build/fs/devfs/devfs.o
 .rodata.str1.4
                0x0000000040083688        0x2 build/libc/stdlib/stdlib.o
 .rodata.str1.4
                0x0000000040083688        0x5 build/libc/posix/posix.o
                0x0000000040083690                . = ALIGN (0x4)
 *fill*         0x000000004008368d        0x3 
                0x0000000040083690                _etext = .

.data           0x000000003fc88000      0x154 load address 0x0000000040083690
                0x000000003fc88000                _data_start = .
 *(.data .data.* .gnu.linkonce.d.*)
 .data          0x000000003fc88000        0x4 build/arch/xtensa/timer/timer.o
 .data          0x000000003fc88004      0x108 build/kernel/core/kernel.o
                0x000000003fc88104                current_tid
                0x000000003fc88108                current_pid
 .data          0x000000003fc8810c       0x20 build/fs/ramfs/ramfs.o
                0x000000003fc8810c                ramfs_fops
 .data          0x000000003fc8812c       0x20 build/fs/devfs/devfs.o
 .data          0x000000003fc8814c        0x8 build/libc/stdlib/stdlib.o
                0x000000003fc8814c                cwd
                0x000000003fc88154                . = ALIGN (0x4)
                0x000000003fc88154                _data_end = .

.bss            0x000000003fc88154    0x2d074 load address 0x00000000400837e4
                0x000000003fc88154                _bss_start = .
 *(.bss .bss.* .gnu.linkonce.b.*)
 .bss           0x000000003fc88154      0x100 build/arch/xtensa/traps/traps.o
 .bss           0x000000003fc88254      0x5b8 build/kernel/core/kernel.o
                0x000000003fc88254                task_table
                0x000000003fc88354                process_table
                0x000000003fc883d4                cpu_states
 .bss           0x000000003fc8880c       0x84 build/kernel/scheduler/scheduler.o
 .bss           0x000000003fc88890        0xc build/kernel/memory/memory.o
 .bss           0x000000003fc8889c     0x9a84 build/fs/vfs/vfs.o
                0x000000003fc8889c                mount_count
                0x000000003fc888a0                open_files
                0x000000003fc912a0                mounts
 .bss           0x000000003fc92320    0x22818 build/fs/ramfs/ramfs.o
 .bss           0x000000003fcb4b38      0x688 build/fs/devfs/devfs.o
                0x000000003fcb4b38                uart_fops
                0x000000003fcb4b58                random_fops
                0x000000003fcb4b78                zero_fops
                0x000000003fcb4b98                null_fops
 .bss           0x000000003fcb51c0        0x4 build/libc/string/string.o
 .bss           0x000000003fcb51c4        0x4 build/libc/stdlib/stdlib.o
                0x000000003fcb51c4                environ
 *(COMMON)
                0x000000003fcb51c8                . = ALIGN (0x4)
                0x000000003fcb51c8                _bss_end = .

.heap           0x000000003fcb51c8     0x1000 load address 0x00000000400837e4
                0x000000003fcb51c8                _heap_start = .
                0x000000003fcb61c8                . = (. + 0x1000)
 *fill*         0x000000003fcb51c8     0x1000 
                0x000000003fcb61c8                _heap_end = .

.stack          0x000000003fcb61d0      0x800 load address 0x00000000400837f0
                0x000000003fcb61d0                _stack_bottom = .
                0x000000003fcb69d0                . = (. + 0x800)
 *fill*         0x000000003fcb61d0      0x800 
                0x000000003fcb69d0                _stack_top = .
                0x000000003fcb69d0                _kernel_end = .
OUTPUT(build/bareos.elf elf32-xtensa-le)

.xtensa.info    0x0000000000000000       0x38
 .xtensa.info   0x0000000000000000       0x38 build/arch/xtensa/boot/startup.o
 .xtensa.info   0x0000000000000038        0x0 build/arch/xtensa/cpu/cpu.o
 .xtensa.info   0x0000000000000038        0x0 build/arch/xtensa/cpu/xtensa_regs.o
 .xtensa.info   0x0000000000000038        0x0 build/arch/xtensa/context/context.o
 .xtensa.info   0x0000000000000038        0x0 build/arch/xtensa/exceptions/vectors.o
 .xtensa.info   0x0000000000000038        0x0 build/arch/xtensa/traps/traps.o
 .xtensa.info   0x0000000000000038        0x0 build/arch/xtensa/timer/timer.o
 .xtensa.info   0x0000000000000038        0x0 build/arch/xtensa/atomic/atomic.o
 .xtensa.info   0x0000000000000038        0x0 build/kernel/core/kernel.o
 .xtensa.info   0x0000000000000038        0x0 build/kernel/scheduler/scheduler.o
 .xtensa.info   0x0000000000000038        0x0 build/kernel/task/task.o
 .xtensa.info   0x0000000000000038        0x0 build/kernel/process/process.o
 .xtensa.info   0x0000000000000038        0x0 build/kernel/syscall/syscall.o
 .xtensa.info   0x0000000000000038        0x0 build/kernel/memory/memory.o
 .xtensa.info   0x0000000000000038        0x0 build/kernel/ipc/ipc.o
 .xtensa.info   0x0000000000000038        0x0 build/kernel/sync/sync.o
 .xtensa.info   0x0000000000000038        0x0 build/kernel/signal/signal.o
 .xtensa.info   0x0000000000000038        0x0 build/kernel/time/time.o
 .xtensa.info   0x0000000000000038        0x0 build/kernel/panic/panic.o
 .xtensa.info   0x0000000000000038        0x0 build/drivers/uart/uart.o
 .xtensa.info   0x0000000000000038        0x0 build/drivers/gpio/gpio.o
 .xtensa.info   0x0000000000000038        0x0 build/drivers/timer/timer.o
 .xtensa.info   0x0000000000000038        0x0 build/drivers/flash/flash.o
 .xtensa.info   0x0000000000000038        0x0 build/drivers/psram/psram.o
 .xtensa.info   0x0000000000000038        0x0 build/drivers/spi/spi.o
 .xtensa.info   0x0000000000000038        0x0 build/drivers/i2c/i2c.o
 .xtensa.info   0x0000000000000038        0x0 build/drivers/dma/dma.o
 .xtensa.info   0x0000000000000038        0x0 build/drivers/console/console.o
 .xtensa.info   0x0000000000000038        0x0 build/fs/vfs/vfs.o
 .xtensa.info   0x0000000000000038        0x0 build/fs/ramfs/ramfs.o
 .xtensa.info   0x0000000000000038        0x0 build/fs/devfs/devfs.o
 .xtensa.info   0x0000000000000038        0x0 build/fs/storage/storage.o
 .xtensa.info   0x0000000000000038        0x0 build/libc/string/string.o
 .xtensa.info   0x0000000000000038        0x0 build/libc/stdio/stdio.o
 .xtensa.info   0x0000000000000038        0x0 build/libc/stdlib/stdlib.o
 .xtensa.info   0x0000000000000038        0x0 build/libc/ctype/ctype.o
 .xtensa.info   0x0000000000000038        0x0 build/libc/time/time.o
 .xtensa.info   0x0000000000000038        0x0 build/libc/posix/posix.o

.comment        0x0000000000000000       0x26
 .comment       0x0000000000000000       0x26 build/arch/xtensa/traps/traps.o
                                         0x27 (size before relaxing)
 .comment       0x0000000000000026       0x27 build/arch/xtensa/timer/timer.o
 .comment       0x0000000000000026       0x27 build/kernel/core/kernel.o
 .comment       0x0000000000000026       0x27 build/kernel/scheduler/scheduler.o
 .comment       0x0000000000000026       0x27 build/kernel/process/process.o
 .comment       0x0000000000000026       0x27 build/kernel/syscall/syscall.o
 .comment       0x0000000000000026       0x27 build/kernel/memory/memory.o
 .comment       0x0000000000000026       0x27 build/kernel/panic/panic.o
 .comment       0x0000000000000026       0x27 build/drivers/uart/uart.o
 .comment       0x0000000000000026       0x27 build/fs/vfs/vfs.o
 .comment       0x0000000000000026       0x27 build/fs/ramfs/ramfs.o
 .comment       0x0000000000000026       0x27 build/fs/devfs/devfs.o
 .comment       0x0000000000000026       0x27 build/libc/string/string.o
 .comment       0x0000000000000026       0x27 build/libc/stdlib/stdlib.o
 .comment       0x0000000000000026       0x27 build/libc/posix/posix.o

.debug_line     0x0000000000000000     0x962c
 .debug_line    0x0000000000000000       0xfa build/arch/xtensa/boot/startup.o
 .debug_line    0x00000000000000fa      0x1c4 build/arch/xtensa/cpu/xtensa_regs.o
 .debug_line    0x00000000000002be      0x258 build/arch/xtensa/context/context.o
 .debug_line    0x0000000000000516      0x391 build/arch/xtensa/exceptions/vectors.o
 .debug_line    0x00000000000008a7      0x49c build/arch/xtensa/traps/traps.o
 .debug_line    0x0000000000000d43      0x2e6 build/arch/xtensa/timer/timer.o
 .debug_line    0x0000000000001029      0x98e build/kernel/core/kernel.o
 .debug_line    0x00000000000019b7      0xb62 build/kernel/scheduler/scheduler.o
 .debug_line    0x0000000000002519      0x7e5 build/kernel/process/process.o
 .debug_line    0x0000000000002cfe      0xeca build/kernel/syscall/syscall.o
 .debug_line    0x0000000000003bc8      0x72a build/kernel/memory/memory.o
 .debug_line    0x00000000000042f2      0x1d2 build/kernel/panic/panic.o
 .debug_line    0x00000000000044c4      0x3d0 build/drivers/uart/uart.o
 .debug_line    0x0000000000004894     0x12e4 build/fs/vfs/vfs.o
 .debug_line    0x0000000000005b78     0x1000 build/fs/ramfs/ramfs.o
 .debug_line    0x0000000000006b78      0xa89 build/fs/devfs/devfs.o
 .debug_line    0x0000000000007601      0xc54 build/libc/string/string.o
 .debug_line    0x0000000000008255      0x9b2 build/libc/stdlib/stdlib.o
 .debug_line    0x0000000000008c07      0xa25 build/libc/posix/posix.o

.debug_line_str
                0x0000000000000000      0x3b9
 .debug_line_str
                0x0000000000000000       0x1b build/arch/xtensa/boot/startup.o
                                         0x36 (size before relaxing)
 .debug_line_str
                0x000000000000001b       0x1e build/arch/xtensa/cpu/xtensa_regs.o
                                         0x3c (size before relaxing)
 .debug_line_str
                0x0000000000000039       0x1e build/arch/xtensa/context/context.o
                                         0x3c (size before relaxing)
 .debug_line_str
                0x0000000000000057       0x21 build/arch/xtensa/exceptions/vectors.o
                                         0x42 (size before relaxing)
 .debug_line_str
                0x0000000000000078       0xe0 build/arch/xtensa/traps/traps.o
                                        0x13a (size before relaxing)
 .debug_line_str
                0x0000000000000158       0x35 build/arch/xtensa/timer/timer.o
                                        0x143 (size before relaxing)
 .debug_line_str
                0x000000000000018d       0x70 build/kernel/core/kernel.o
                                        0x183 (size before relaxing)
 .debug_line_str
                0x00000000000001fd       0x2e build/kernel/scheduler/scheduler.o
                                        0x12f (size before relaxing)
 .debug_line_str
                0x000000000000022b       0x28 build/kernel/process/process.o
                                        0x172 (size before relaxing)
 .debug_line_str
                0x0000000000000253       0x42 build/kernel/syscall/syscall.o
                                        0x13d (size before relaxing)
 .debug_line_str
                0x0000000000000295       0x25 build/kernel/memory/memory.o
                                        0x15b (size before relaxing)
 .debug_line_str
                0x00000000000002ba       0x22 build/kernel/panic/panic.o
                                        0x134 (size before relaxing)
 .debug_line_str
                0x00000000000002dc       0x21 build/drivers/uart/uart.o
                                         0xfa (size before relaxing)
 .debug_line_str
                0x00000000000002fd       0x14 build/fs/vfs/vfs.o
                                        0x154 (size before relaxing)
 .debug_line_str
                0x0000000000000311       0x1a build/fs/ramfs/ramfs.o
                                        0x160 (size before relaxing)
 .debug_line_str
                0x000000000000032b       0x1a build/fs/devfs/devfs.o
                                        0x160 (size before relaxing)
 .debug_line_str
                0x0000000000000345       0x21 build/libc/string/string.o
                                         0xf9 (size before relaxing)
 .debug_line_str
                0x0000000000000366       0x21 build/libc/stdlib/stdlib.o
                                        0x11e (size before relaxing)
 .debug_line_str
                0x0000000000000387       0x32 build/libc/posix/posix.o
                                        0x12b (size before relaxing)

.debug_info     0x0000000000000000     0x959a
 .debug_info    0x0000000000000000       0x23 build/arch/xtensa/boot/startup.o
 .debug_info    0x0000000000000023       0x25 build/arch/xtensa/cpu/xtensa_regs.o
 .debug_info    0x0000000000000048       0x25 build/arch/xtensa/context/context.o
 .debug_info    0x000000000000006d       0x23 build/arch/xtensa/exceptions/vectors.o
 .debug_info    0x0000000000000090      0x638 build/arch/xtensa/traps/traps.o
 .debug_info    0x00000000000006c8      0x667 build/arch/xtensa/timer/timer.o
 .debug_info    0x0000000000000d2f      0xcaf build/kernel/core/kernel.o
 .debug_info    0x00000000000019de      0x805 build/kernel/scheduler/scheduler.o
 .debug_info    0x00000000000021e3      0x7f2 build/kernel/process/process.o
 .debug_info    0x00000000000029d5     0x134a build/kernel/syscall/syscall.o
 .debug_info    0x0000000000003d1f      0x459 build/kernel/memory/memory.o
 .debug_info    0x0000000000004178      0x6aa build/kernel/panic/panic.o
 .debug_info    0x0000000000004822      0x24d build/drivers/uart/uart.o
 .debug_info    0x0000000000004a6f      0xfcd build/fs/vfs/vfs.o
 .debug_info    0x0000000000005a3c      0xc49 build/fs/ramfs/ramfs.o
 .debug_info    0x0000000000006685      0xf50 build/fs/devfs/devfs.o
 .debug_info    0x00000000000075d5      0x657 build/libc/string/string.o
 .debug_info    0x0000000000007c2c      0x75c build/libc/stdlib/stdlib.o
 .debug_info    0x0000000000008388     0x1212 build/libc/posix/posix.o

.debug_abbrev   0x0000000000000000     0x2460
 .debug_abbrev  0x0000000000000000       0x12 build/arch/xtensa/boot/startup.o
 .debug_abbrev  0x0000000000000012       0x14 build/arch/xtensa/cpu/xtensa_regs.o
 .debug_abbrev  0x0000000000000026       0x14 build/arch/xtensa/context/context.o
 .debug_abbrev  0x000000000000003a       0x12 build/arch/xtensa/exceptions/vectors.o
 .debug_abbrev  0x000000000000004c      0x23d build/arch/xtensa/traps/traps.o
 .debug_abbrev  0x0000000000000289      0x217 build/arch/xtensa/timer/timer.o
 .debug_abbrev  0x00000000000004a0      0x2c5 build/kernel/core/kernel.o
 .debug_abbrev  0x0000000000000765      0x277 build/kernel/scheduler/scheduler.o
 .debug_abbrev  0x00000000000009dc      0x1ef build/kernel/process/process.o
 .debug_abbrev  0x0000000000000bcb      0x309 build/kernel/syscall/syscall.o
 .debug_abbrev  0x0000000000000ed4      0x21a build/kernel/memory/memory.o
 .debug_abbrev  0x00000000000010ee      0x151 build/kernel/panic/panic.o
 .debug_abbrev  0x000000000000123f      0x199 build/drivers/uart/uart.o
 .debug_abbrev  0x00000000000013d8      0x33f build/fs/vfs/vfs.o
 .debug_abbrev  0x0000000000001717      0x2af build/fs/ramfs/ramfs.o
 .debug_abbrev  0x00000000000019c6      0x2ef build/fs/devfs/devfs.o
 .debug_abbrev  0x0000000000001cb5      0x185 build/libc/string/string.o
 .debug_abbrev  0x0000000000001e3a      0x2da build/libc/stdlib/stdlib.o
 .debug_abbrev  0x0000000000002114      0x34c build/libc/posix/posix.o

.debug_aranges  0x0000000000000000      0x270
 .debug_aranges
                0x0000000000000000       0x28 build/arch/xtensa/boot/startup.o
 .debug_aranges
                0x0000000000000028       0x20 build/arch/xtensa/cpu/xtensa_regs.o
 .debug_aranges
                0x0000000000000048       0x20 build/arch/xtensa/context/context.o
 .debug_aranges
                0x0000000000000068       0x28 build/arch/xtensa/exceptions/vectors.o
 .debug_aranges
                0x0000000000000090       0x20 build/arch/xtensa/traps/traps.o
 .debug_aranges
                0x00000000000000b0       0x20 build/arch/xtensa/timer/timer.o
 .debug_aranges
                0x00000000000000d0       0x20 build/kernel/core/kernel.o
 .debug_aranges
                0x00000000000000f0       0x20 build/kernel/scheduler/scheduler.o
 .debug_aranges
                0x0000000000000110       0x20 build/kernel/process/process.o
 .debug_aranges
                0x0000000000000130       0x20 build/kernel/syscall/syscall.o
 .debug_aranges
                0x0000000000000150       0x20 build/kernel/memory/memory.o
 .debug_aranges
                0x0000000000000170       0x20 build/kernel/panic/panic.o
 .debug_aranges
                0x0000000000000190       0x20 build/drivers/uart/uart.o
 .debug_aranges
                0x00000000000001b0       0x20 build/fs/vfs/vfs.o
 .debug_aranges
                0x00000000000001d0       0x20 build/fs/ramfs/ramfs.o
 .debug_aranges
                0x00000000000001f0       0x20 build/fs/devfs/devfs.o
 .debug_aranges
                0x0000000000000210       0x20 build/libc/string/string.o
 .debug_aranges
                0x0000000000000230       0x20 build/libc/stdlib/stdlib.o
 .debug_aranges
                0x0000000000000250       0x20 build/libc/posix/posix.o

.debug_str      0x0000000000000000      0xdbb
 .debug_str     0x0000000000000000       0x48 build/arch/xtensa/boot/startup.o
 .debug_str     0x0000000000000048        0xe build/arch/xtensa/cpu/xtensa_regs.o
                                         0x4c (size before relaxing)
 .debug_str     0x0000000000000056        0xa build/arch/xtensa/context/context.o
                                         0x48 (size before relaxing)
 .debug_str     0x0000000000000060        0xa build/arch/xtensa/exceptions/vectors.o
                                         0x48 (size before relaxing)
 .debug_str     0x000000000000006a      0x2a9 build/arch/xtensa/traps/traps.o
                                        0x2f0 (size before relaxing)
 .debug_str     0x0000000000000313      0x198 build/arch/xtensa/timer/timer.o
                                        0x347 (size before relaxing)
 .debug_str     0x00000000000004ab      0x16c build/kernel/core/kernel.o
                                        0x41c (size before relaxing)
 .debug_str     0x0000000000000617       0x7b build/kernel/scheduler/scheduler.o
                                        0x330 (size before relaxing)
 .debug_str     0x0000000000000692       0x74 build/kernel/process/process.o
                                        0x359 (size before relaxing)
 .debug_str     0x0000000000000706      0x1e2 build/kernel/syscall/syscall.o
                                        0x4f6 (size before relaxing)
 .debug_str     0x00000000000008e8       0x6f build/kernel/memory/memory.o
                                        0x1e4 (size before relaxing)
 .debug_str     0x0000000000000957       0x2c build/kernel/panic/panic.o
                                        0x2e9 (size before relaxing)
 .debug_str     0x0000000000000983        0x7 build/drivers/uart/uart.o
                                        0x13d (size before relaxing)
 .debug_str     0x000000000000098a       0x7a build/fs/vfs/vfs.o
                                        0x376 (size before relaxing)
 .debug_str     0x0000000000000a04      0x13e build/fs/ramfs/ramfs.o
                                        0x3f1 (size before relaxing)
 .debug_str     0x0000000000000b42       0xcd build/fs/devfs/devfs.o
                                        0x4b5 (size before relaxing)
 .debug_str     0x0000000000000c0f       0x6f build/libc/string/string.o
                                        0x1a0 (size before relaxing)
 .debug_str     0x0000000000000c7e       0x8e build/libc/stdlib/stdlib.o
                                        0x216 (size before relaxing)
 .debug_str     0x0000000000000d0c       0xaf build/libc/posix/posix.o
                                        0x51d (size before relaxing)

.debug_rnglists
                0x0000000000000000      0x40f
 .debug_rnglists
                0x0000000000000000       0x19 build/arch/xtensa/boot/startup.o
 .debug_rnglists
                0x0000000000000019       0x1b build/arch/xtensa/exceptions/vectors.o
 .debug_rnglists
                0x0000000000000034       0x2d build/arch/xtensa/traps/traps.o
 .debug_rnglists
                0x0000000000000061       0x1d build/arch/xtensa/timer/timer.o
 .debug_rnglists
                0x000000000000007e       0x4b build/kernel/core/kernel.o
 .debug_rnglists
                0x00000000000000c9       0x31 build/kernel/scheduler/scheduler.o
 .debug_rnglists
                0x00000000000000fa       0x17 build/kernel/process/process.o
 .debug_rnglists
                0x0000000000000111       0x93 build/kernel/syscall/syscall.o
 .debug_rnglists
                0x00000000000001a4       0x27 build/kernel/memory/memory.o
 .debug_rnglists
                0x00000000000001cb       0x2d build/drivers/uart/uart.o
 .debug_rnglists
                0x00000000000001f8      0x117 build/fs/vfs/vfs.o
 .debug_rnglists
                0x000000000000030f       0x66 build/fs/ramfs/ramfs.o
 .debug_rnglists
                0x0000000000000375       0x4c build/fs/devfs/devfs.o
 .debug_rnglists
                0x00000000000003c1       0x2c build/libc/string/string.o
 .debug_rnglists
                0x00000000000003ed       0x22 build/libc/stdlib/stdlib.o

.debug_frame    0x0000000000000000     0x1080
 .debug_frame   0x0000000000000000       0xe8 build/arch/xtensa/traps/traps.o
 .debug_frame   0x00000000000000e8       0xa0 build/arch/xtensa/timer/timer.o
 .debug_frame   0x0000000000000188       0xb8 build/kernel/core/kernel.o
 .debug_frame   0x0000000000000240       0xe8 build/kernel/scheduler/scheduler.o
 .debug_frame   0x0000000000000328       0xa0 build/kernel/process/process.o
 .debug_frame   0x00000000000003c8      0x118 build/kernel/syscall/syscall.o
 .debug_frame   0x00000000000004e0       0xe8 build/kernel/memory/memory.o
 .debug_frame   0x00000000000005c8       0x28 build/kernel/panic/panic.o
 .debug_frame   0x00000000000005f0       0xa0 build/drivers/uart/uart.o
 .debug_frame   0x0000000000000690      0x190 build/fs/vfs/vfs.o
 .debug_frame   0x0000000000000820      0x118 build/fs/ramfs/ramfs.o
 .debug_frame   0x0000000000000938      0x118 build/fs/devfs/devfs.o
 .debug_frame   0x0000000000000a50      0x190 build/libc/string/string.o
 .debug_frame   0x0000000000000be0      0x1f0 build/libc/stdlib/stdlib.o
 .debug_frame   0x0000000000000dd0      0x2b0 build/libc/posix/posix.o

.debug_loclists
                0x0000000000000000     0x2972
 .debug_loclists
                0x0000000000000000       0xf9 build/arch/xtensa/traps/traps.o
 .debug_loclists
                0x00000000000000f9      0x103 build/arch/xtensa/timer/timer.o
 .debug_loclists
                0x00000000000001fc      0x240 build/kernel/core/kernel.o
 .debug_loclists
                0x000000000000043c      0x2b6 build/kernel/scheduler/scheduler.o
 .debug_loclists
                0x00000000000006f2      0x117 build/kernel/process/process.o
 .debug_loclists
                0x0000000000000809      0x5fe build/kernel/syscall/syscall.o
 .debug_loclists
                0x0000000000000e07      0x207 build/kernel/memory/memory.o
 .debug_loclists
                0x000000000000100e       0x2c build/kernel/panic/panic.o
 .debug_loclists
                0x000000000000103a       0xde build/drivers/uart/uart.o
 .debug_loclists
                0x0000000000001118      0x554 build/fs/vfs/vfs.o
 .debug_loclists
                0x000000000000166c      0x3c8 build/fs/ramfs/ramfs.o
 .debug_loclists
                0x0000000000001a34      0x369 build/fs/devfs/devfs.o
 .debug_loclists
                0x0000000000001d9d      0x5f1 build/libc/string/string.o
 .debug_loclists
                0x000000000000238e      0x2f6 build/libc/stdlib/stdlib.o
 .debug_loclists
                0x0000000000002684      0x2ee build/libc/posix/posix.o
